====================================================================================================
[A] 数据完整性体检 · 宇宙 37 只
====================================================================================================
交易日并集: 2184 | 2018-01-02 ~ 2026-09-10

-- 缺失比例 Top10 (nat 表示相对全市场交易日并集缺失的天数) --
   code      start        end  rows  nat  nat_pct  zero_vol
 US.TEM 2024-06-14 2026-09-10   561 1623    74.31      1623
US.CRDO 2022-01-27 2026-09-10  1159 1025    46.93      1025
US.HOOD 2021-07-29 2026-09-10  1285  899    41.16       899
US.COIN 2021-04-14 2026-09-10  1359  825    37.77       825
US.RKLB 2020-11-24 2026-09-10  1454  730    33.42       730
US.PLTR 2020-09-30 2026-09-10  1493  691    31.64       691
US.FUTU 2019-03-08 2026-09-10  1888  296    13.55       296
US.DELL 2018-12-28 2026-09-10  1935  249    11.40       249
US.MRNA 2018-12-07 2026-09-10  1949  235    10.76       235
 US.VRT 2018-07-30 2026-09-10  2040  144     6.59       150

起始日分布: {'2018-01-02': 25, '2024-06-14': 1, '2022-01-27': 1, '2021-07-29': 1, '2021-04-14': 1, '2020-11-24': 1, '2020-09-30': 1, '2019-03-08': 1, '2018-12-28': 1, '2018-12-07': 1, '2018-07-30': 1, '2018-07-26': 1, '2018-07-25': 1}
起始晚于首日的票: 12 只 -> ['US.TEM', 'US.CRDO', 'US.HOOD', 'US.COIN', 'US.RKLB', 'US.PLTR', 'US.FUTU', 'US.DELL', 'US.MRNA', 'US.VRT', 'US.PDD', 'US.BE']

====================================================================================================
[B] 拆股 / 复权体检: 单日 |收益|>25% 的跳变
====================================================================================================
共 63 次 |日收益|>25% 的跳变
日期          代码                  前收        当收      收益%      量比
2018-09-13  US.PDD           23.04     29.96     30.0     1.9
2018-11-06  US.BE            23.01     17.25    -25.0    7.54
2018-11-12  US.LITE          55.95      37.5    -33.0    7.78
2019-08-13  US.BE             7.97       4.6    -42.3   13.62
2020-02-25  US.MRNA          18.59     23.76     27.8    8.55
2020-03-19  US.BE             3.07      4.37     42.3     1.7
2020-03-24  US.BE             3.89      5.62     44.5    2.43
2020-06-30  US.BE             8.22     10.88     32.4    6.34
2020-07-15  US.BE            13.09     17.65     34.8    6.04
2020-11-30  US.MSTR          27.13     34.28     26.4    2.79
2021-01-22  US.PLTR          25.98     32.58     25.4    5.25
2021-01-27  US.NOK            4.17      5.78     38.6    3.02
2021-01-28  US.NOK            5.78      4.13    -28.5    0.59
2021-02-08  US.MSTR           80.6     104.1     29.2    2.74
2021-02-16  US.FUTU         141.89    183.65     29.4    1.82
2021-03-01  US.RKLB          10.25     13.95     36.1  269.68
2021-07-26  US.MSTR          53.97     68.25     26.5    3.51
2021-08-04  US.HOOD           46.8     70.39     50.4    1.87
2021-08-05  US.HOOD          70.39     50.97    -27.6    0.47
2021-09-09  US.RKLB          15.09     20.72     37.3    6.42
2021-10-25  US.BE            20.19     27.69     37.1   10.33
2022-02-03  US.META         320.19    235.69    -26.4    3.22
2022-02-23  US.VRT           19.48     12.33    -36.7    15.3
2022-03-16  US.BABA          72.24     98.79     36.8    1.85
2022-03-16  US.FUTU          25.24     35.22     39.5    1.42
2022-03-16  US.PDD           27.31     42.62     56.1     1.4
2022-05-09  US.MSTR          29.42      21.9    -25.6     1.6
2022-05-11  US.COIN          72.99     53.72    -26.4    2.11
2022-05-11  US.MSTR          22.55     16.82    -25.4    2.12
2022-06-02  US.CRDO          10.25     12.94     26.2    4.07
2022-06-13  US.MSTR          20.34     15.22    -25.2    4.68
2022-12-30  US.FUTU          56.64     39.09    -31.0   20.86
2023-02-15  US.CRDO          19.36      10.3    -46.8    6.04
2023-05-26  US.MRVL          48.96     64.84     32.4    2.49
2023-08-02  US.VRT           26.43     34.17     29.2    3.85
2023-08-16  US.COHR          47.01     32.97    -29.9    6.75
2024-02-06  US.PLTR          16.72     21.87     30.8    2.51
2024-03-01  US.DELL          91.13    119.94     31.6    4.34
2024-05-30  US.CRDO          20.22     25.69     27.1    2.48
2024-08-02  US.INTC          28.87     21.34    -26.1    2.79
2024-08-26  US.PDD          139.87     100.0    -28.5    6.03
2024-11-06  US.COIN         193.96    254.31     31.1    3.56
2024-11-06  US.TEM            44.5     56.97     28.0    1.03
2024-11-08  US.TEM           56.79     73.77     29.9    1.24
2024-11-11  US.MSTR         270.42     340.0     25.7    2.52
2024-11-13  US.RKLB          14.66     18.83     28.4    4.81
2024-11-15  US.BE            13.28     21.14     59.2   14.83
2024-12-03  US.CRDO           47.8     70.69     47.9    2.51
2025-01-21  US.RKLB           24.0     31.27     30.3    4.41
2025-01-21  US.TEM           35.15     47.64     35.5    13.9
2025-01-27  US.CRDO          80.47      55.6    -30.9    6.13
2025-01-27  US.VRT          146.05    102.41    -29.9    5.52
2025-09-10  US.ORCL         238.79    324.63     35.9     3.2
2025-10-13  US.BE            86.87    109.91     26.5    2.13
2026-02-06  US.MSTR         106.99    134.93     26.1    0.96
2026-04-29  US.BE           226.37    287.97     27.2     1.3
2026-05-08  US.RKLB          78.58    105.47     34.2    3.48
2026-05-22  US.FUTU         123.86     89.76    -27.5   27.92
2026-05-29  US.DELL         316.53    420.22     32.8    1.57
2026-06-02  US.MRVL         219.38    290.72     32.5    3.42

-- 疑似拆股判定(个股暴跌>40% 但同日全市场跌幅<5%, 量比>1.5) --
命中 2 次:
    ('2019-08-13', 'US.BE', np.float64(7.97), np.float64(4.6), np.float64(-42.3), np.float64(13.62))
    ('2023-02-15', 'US.CRDO', np.float64(19.36), np.float64(10.3), np.float64(-46.8), np.float64(6.04))

注: 若上面命中非空, 说明数据未复权 -> 拆股会造成假暴跌, 动量/止损全部失真(必须修复)。

====================================================================================================
[C] 信号数值健康体检 (NaN / inf / 极端值 / 退化)
====================================================================================================
指标                NaN%    inf%   |值|>1e6 %          P1       P50         P99     零值%
mom12_1          20.20   0.000       0.000      -0.693     0.215       5.364    0.01
ma_dist50        10.91   0.000       0.000      -0.300     0.019       0.494    0.00
ma_slope200      18.69   0.000       0.000      -0.103     0.017       0.200    0.00
rsi14             8.71   0.000       0.000      24.822    52.407      82.952    0.02
cci20            10.40   0.000       0.000    -193.461    14.828     222.571    0.00
macdH             8.66   0.000       0.000      -5.317     0.011       5.226    0.05
roc60            11.41   0.000       0.000      -0.457     0.047       1.372    0.02
stochK            9.26   0.000       0.000       0.862    56.015      99.377    0.11
cmo20             9.58   0.000       0.000     -58.335     5.124      69.086    0.09
tsi               8.71   0.000       0.000     -42.914     4.608      59.908    0.00
vortex            9.30   0.000       0.000      -0.669     0.049       0.765    0.02
obv_slope         9.58   0.048       0.000      -4.865     0.010       5.813    0.00
ad_slope          9.71   0.001       0.000      -4.383     0.009       4.556    0.00
cmf20             9.93   0.000       0.000      -0.327     0.013       0.358    0.00
sar_dist         32.43   0.000       0.000      -0.204     0.021       0.271    0.00

>> 判定: P1/P99 出现 1e6 以上量级 = 数值爆炸(pct_change 分母过零), 该指标排名不可信
   [爆炸嫌疑] obv_slope: P1=-4.87 P99=5.81 inf=0.048%
   [爆炸嫌疑] ad_slope: P1=-4.38 P99=4.56 inf=0.001%

====================================================================================================
[D] 信号冗余体检: 月度调仓日的两两 Spearman 相关 (|ρ|>0.95 视为重复)
====================================================================================================

====================================================================================================
[E] 选股集中度 & 换手 (Top2)
====================================================================================================
指标                 不同票数            Top1票(占比%)       月均换手(只)
mom12_1              24         US.MSTR (11%)          0.64
ma_dist50            31           US.PDD (9%)          1.41
ma_slope200          26         US.MSTR (10%)          0.61
rsi14                36          US.META (5%)          1.77
cci20                36          US.MRNA (7%)          1.84
macdH                34         US.META (13%)          1.82
roc60                31          US.TSLA (9%)          1.18
stochK               36          US.DELL (7%)          1.84
cmo20                36          US.MRNA (5%)          1.90
tsi                  36           US.PDD (8%)          1.62
vortex               35           US.PDD (6%)          1.85
obv_slope            30            US.BE (9%)          1.71
ad_slope             31          US.PDD (10%)          1.73
cmf20                37          US.TSLA (5%)          1.85
sar_dist             24         US.MSTR (14%)          1.64

====================================================================================================
[F] 宇宙内等权买入持有基准 (关键! 用于校准 Top2 是否为真 alpha)
====================================================================================================
等权全持有(37只, 每日再平衡口径) 从 2019-01-03 起:
   终值倍数 x17.77 -> 若 $3000 起点 = $53323 (+1677%)
   (对比 VOO 买入持有 +222.8%)
   同期 VOO: x3.49 (+249%)

完成。
