========================================================================================================================
A 面板完整性
========================================================================================================================
  标的数 38   文件行数: min 562 max 2185
  ✅ 所有文件日期无重复且单调递增
  面板: 2185 行 x 37 列   首 2018-01-02  末 2026-09-11
  相邻交易日间隔: 中位 1 天, 最大 4 天 (>5 天共 0 次, 正常为周末/假日)

========================================================================================================================
B 数值健康
========================================================================================================================
  收盘价 NaN 占比 8.66%  (预热期与停牌造成)
  非正价格格数: 0   非有限值: 7000
  单日涨跌 >50% 的观测: 4 个 (占有效样本 0.0054%)
  发生次数最多的标的: HOOD:1, PDD:1, BE:1, MRNA:1
  发生最多的日期: 2021-08-03:1只, 2022-03-15:1只, 2024-11-14:1只, 2026-08-18:1只
  → 需确认是真实行情(财报跳空)还是复权/数据错误
  OHLC 逻辑冲突(high<low 或 close 越界): 0 处

========================================================================================================================
C 停牌与僵尸票
========================================================================================================================
  ✅ 近 60 日无僵尸标的
  ✅ 所有标的最后一根均有有效价格

========================================================================================================================
D 调仓序列稳定性(可复现性)
========================================================================================================================
  全样本 N=2185: 调仓索引 93 个, 末三个 [2142, 2163, 2184]
  去掉尾部  0 根: 前面调仓日完全一致
  去掉尾部  1 根: 前面调仓日完全一致
  去掉尾部  5 根: 前面调仓日完全一致
  去掉尾部 21 根: 前面调仓日完全一致
  → 调仓日由绝对索引决定, 追加新数据不会改变历史决策 (无重算漂移)

========================================================================================================================
E 未来函数检测
========================================================================================================================
  Vortex           截断 21 根后前段最大差异 0.000e+00  ✅ 无未来函数
  动量-1月反转          截断 21 根后前段最大差异 0.000e+00  ✅ 无未来函数
  → 滚动窗口只回看历史, 追加未来数据不改变已有信号值

========================================================================================================================
F 复权基准漂移 (只拉 1 只对照, 省额度)
========================================================================================================================
2026-09-12 02:47:43,963 | 15368 | 7876 | [open_context_base.py:411] _init_connect_sync: New connect ready: conn=7504249336202985857(1) context=<futu.quote.open_quote_context.OpenQuoteContext object at 0x000002D26136B1D0>
  ⚠ 当前历史K线剩余额度: 10  (脚本必须先查额度再拉)
2026-09-12 02:47:44,209 | 15368 | 11412 | [open_context_base.py:521] on_disconnect: Disconnected: conn=0(1) reason=CallClose
  对照 1000 个共同交易日, 本地 vs 新拉:
     绝对差 最大 0.0000  中位 0.000000
     相对差 最大 0.000000%  中位 0.00000000%
     ✅ 复权基准一致, 历史价格未漂移
