================================================================================================================================
[引擎自检] 满仓策略是否真的满仓 (闲置现金应≈0)
================================================================================================================================
   [自检] 满仓日平均闲置现金占比 = 0.22%  (应接近0)
   [自检] 满仓日平均闲置现金占比 = 0.13%  (应接近0)

================================================================================================================================
Q0  持股数量与仓位分配 (修复分配BUG后的真实数字)
================================================================================================================================

策略                                   全程    CAGR      最大回撤  2019-2020  2020 疫情崩盘  2020-2021    2022 熊市  2023-2026
---------------------------------------------------------------------------------------------------------------------------
Vortex Top1 等权满仓                 +1561%  +44.3%    -60.0%       +67%       -29%      +509%       -27%      +419%
动量-1月反转 Top1 等权满仓              +376545% +192.7%    -71.6%      +192%       -47%      +730%        +4%    +23569%
Vortex Top2 等权满仓                +12454%  +87.8%    -45.4%       +59%       -45%      +740%       -22%     +2028%
动量-1月反转 Top2 等权满仓               +12612%  +88.1%    -83.7%      +175%       -38%      +111%       -27%     +4184%
Vortex Top3 等权满仓                 +5202%  +67.9%    -40.3%       +48%       -40%      +551%       -24%      +967%
动量-1月反转 Top3 等权满仓                +9989%  +82.5%    -79.2%      +121%       -34%      +128%       -44%     +3718%
Vortex Top4 等权满仓                 +1710%  +45.9%    -50.6%       +45%       -40%      +390%       -42%      +628%
动量-1月反转 Top4 等权满仓                +4249%  +63.6%    -74.0%      +108%       -33%      +159%       -48%     +1582%

================================================================================================================================
[诊断] 极端收益来源核查: 是数据异常, 还是少数几期暴涨?
================================================================================================================================
  全样本单日涨幅>100% 的观测: 1 个 | 单日跌幅>50%: 0 个 (共 73771 个观测)
    例: AAPL 2018-01-02 nan%, MU 2018-01-02 nan%, ORCL 2018-01-02 nan%, NVDA 2018-01-02 nan%, TSLA 2018-01-02 nan%
  价格最小值: 2.1224  (若接近0说明复权异常)

  Vortex Top1  共 91 期, 贡献最大的 8 期:
      2021-01-04  MSTR            +75.4%
      2024-11-05  CRDO            +55.0%
      2019-08-05  PDD             +54.2%
      2020-11-02  PDD             +52.3%
      2023-01-04  META            +45.9%
      2024-02-06  NVDA            +35.5%
      2023-05-05  VRT             +31.6%
      2020-04-03  PDD             +29.9%
    -> 最好的 10 期累计贡献 33 倍; 剔除这 10 期后全程收益 -50%  (原 +1561%)

  动量-1月反转 Top1  共 91 期, 贡献最大的 8 期:
      2024-02-06  MSTR           +156.0%
      2020-11-02  BE              +79.9%
      2024-09-06  MSTR            +64.2%
      2020-04-03  TSLA            +59.5%
      2026-01-09  LITE            +59.0%
      2020-06-04  TSLA            +56.8%
      2020-08-04  TSLA            +47.6%
      2021-01-04  MRNA            +44.1%
    -> 最好的 10 期累计贡献 131 倍; 剔除这 10 期后全程收益 +2774%  (原 +376545%)

================================================================================================================================
Q1  不加任何择时: 选股策略自带多少熊市防御力?
================================================================================================================================

策略                                   全程    CAGR      最大回撤  2019-2020  2020 疫情崩盘  2020-2021    2022 熊市  2023-2026
---------------------------------------------------------------------------------------------------------------------------
等权全买(基准)                         +1207%  +39.8%    -49.4%       +70%       -29%      +220%       -45%      +443%
VOO 买入持有                          +249%  +17.7%    -34.0%       +41%       -34%      +101%       -25%      +109%
Vortex Top2                     +12454%  +87.8%    -45.4%       +59%       -45%      +740%       -22%     +2028%
动量-1月反转 Top2                    +12612%  +88.1%    -83.7%      +175%       -38%      +111%       -27%     +4184%

================================================================================================================================
Q2  指数择时能躲开多少? 代价多大?  (基础 = Vortex Top2 月频)
================================================================================================================================
方案                                   全程      最大回撤      在场天数      切换次数  2019-2020  2020 疫情崩盘  2020-2021    2022 熊市  2023-2026
--------------------------------------------------------------------------------------------------------------------------------
无择时(始终满仓)+空仓                    +12454%    -45.4%    2184日        0       +59%       -45%      +740%       -22%     +2028%
VOO 200DMA 日频+空仓                 +5416%    -37.8%    1585日       49       +38%       -31%      +365%       -13%     +1315%
VOO 200DMA 日频+持VOO               +7644%    -42.6%    1585日       49       +59%       -43%      +496%       -28%     +1589%
VOO 200DMA 月度+空仓                 +5000%    -42.7%    1596日       11       +47%       -19%      +359%       -25%     +1464%
VOO 200DMA 月度+持VOO               +6963%    -42.3%    1596日       11       +62%       -37%      +516%       -33%     +1704%
VOO 200DMA+连5天确认+空仓              +4743%    -45.4%    1657日       27       +47%       -39%      +365%       -24%     +1544%
VOO 200DMA+连5天确认+持VOO            +7449%    -46.0%    1657日       27       +62%       -46%      +495%       -34%     +1841%
VOO 100DMA 日频+空仓                 +6875%    -34.9%    1617日       71       +20%       -12%      +346%       -14%     +1557%
VOO 100DMA 日频+持VOO               +8731%    -36.0%    1617日       71       +46%       -36%      +486%       -26%     +1766%
VOO 50/200 金叉死叉+空仓               +4335%    -45.4%    1583日        9       +55%       -45%      +375%       -15%     +1045%
VOO 50/200 金叉死叉+持VOO             +6926%    -45.4%    1583日        9       +76%       -45%      +505%       -30%     +1305%
VOO 50/200 月度+空仓                 +6028%    -45.4%    1554日        7       +47%       -45%      +435%        -4%     +1207%
VOO 50/200 月度+持VOO               +8375%    -45.4%    1554日        7       +71%       -45%      +556%       -25%     +1393%
VOO 200DMA 日频+半仓(50%)            +9521%    -44.1%    2184日       49       +58%       -44%      +606%       -25%     +1766%
VOO 50/200 金叉死叉+半仓(50%)          +9277%    -45.4%    2184日        9       +67%       -45%      +606%       -26%     +1633%
VOO 100DMA 日频+半仓(50%)            +9764%    -40.9%    2184日       71       +47%       -41%      +593%       -24%     +1867%
VOO 200DMA 日频+持GLD黄金             +6509%    -40.4%    1585日       49       +43%       -38%      +381%       -28%     +1653%
VOO 200DMA 日频+持TLT长债             +3680%    -40.2%    1585日       49       +33%       -35%      +368%       -35%     +1297%
VOO 200DMA 日频+持SHY短债             +5200%    -37.8%    1585日       49       +38%       -31%      +365%       -17%     +1322%
VOO 50/200 金叉死叉+持GLD黄金           +4789%    -45.4%    1583日        9       +58%       -45%      +434%       -28%     +1077%
VOO 50/200 金叉死叉+持TLT长债           +3445%    -45.9%    1583日        9       +59%       -45%      +359%       -36%     +1088%
VOO 50/200 金叉死叉+持SHY短债           +4233%    -45.4%    1583日        9       +55%       -45%      +373%       -18%     +1053%
VOO 100DMA 日频+持GLD黄金             +8224%    -34.6%    1617日       71       +24%       -19%      +376%       -20%     +1709%
VOO 100DMA 日频+持TLT长债             +4570%    -38.9%    1617日       71       +19%        -8%      +340%       -33%     +1351%
VOO 100DMA 日频+持SHY短债             +6540%    -35.7%    1617日       71       +18%       -11%      +342%       -17%     +1553%
--------------------------------------------------------------------------------------------------------------------------------
[对照] Vortex 裸策略                 +12454%    -45.4%      全部日        0       +59%       -45%      +740%       -22%     +2028%
[对照] 等权全买                        +1207%    -49.4%      全部日        0       +70%       -29%      +220%       -45%      +443%

================================================================================================================================
Q3  不依赖指数的防御: 组合回撤止损 / 波动率目标
================================================================================================================================
方案                                         全程      最大回撤      在场天数  2019-2020  2020 疫情崩盘  2020-2021    2022 熊市  2023-2026
--------------------------------------------------------------------------------------------------------------------------------
[对照] Vortex 裸策略                       +12454%    -45.4%      全部日       +59%       -45%      +740%       -22%     +2028%
组合回撤止损 12%(涨回半程回场)                      +578%    -48.5%    2184日       +19%       -17%      +631%       -30%       +70%
组合回撤止损 15%(涨回半程回场)                      +657%    -47.5%    2184日       +64%       -25%      +458%       -31%       +69%
组合回撤止损 20%(涨回半程回场)                     +6229%    -32.8%    2184日       +62%       -25%      +576%       -15%      +856%
组合回撤止损 25%(涨回半程回场)                     +5002%    -37.2%    2184日       +56%       -26%      +465%       -24%     +1061%
组合回撤止损 30%(涨回半程回场)                     +7086%    -41.2%    2184日       +24%       -32%      +463%       -19%     +2025%
波动率目标(年化>25%降半仓)                       +9303%    -40.9%    2184日       +56%       -40%      +557%       -27%     +2019%
波动率目标(年化>30%降半仓)                      +10534%    -40.7%    2184日       +57%       -41%      +646%       -26%     +2012%

================================================================================================================================
Q4  择时信号的滞后成本与假信号  (VOO 200DMA 日频)
================================================================================================================================
离场日         回场日              离场     期间VOO      期间等权    期间Vortex裸     回场后20日VOO
--------------------------------------------------------------------------------------------------------------------------------
2019-01-03  2019-02-04      21日    +11.4%    +15.9%        +8.5%         +2.6%
2019-02-07  2019-02-12       3日     +1.5%     +2.5%        +3.3%         +2.7%
2019-05-31  2019-06-04       2日     +1.9%     +1.3%        +1.2%         +6.2%
2020-02-27  2020-03-02       2日     +3.8%     +6.0%        +9.4%        -14.9%
2020-03-03  2020-03-04       1日     +4.1%     +4.0%        +2.1%        -21.0%
2020-03-05  2020-05-26      56日     -0.5%    +14.2%       +29.3%         +4.8%
2022-01-21  2022-01-24       1日     +0.4%     -0.1%        +1.3%         -2.3%
2022-01-25  2022-01-28       3日     +1.7%     -0.3%        +0.1%         -1.2%
2022-02-11  2022-02-15       2日     +1.3%     +3.9%        +1.0%         -2.3%
2022-02-17  2022-03-18      20日     +2.0%     +1.3%        -0.2%         -1.5%
2022-04-11  2022-08-16      87日     -1.9%     -2.7%       +32.0%         -8.2%
2022-08-17  2022-11-30      73日     -4.1%    -13.1%       -16.4%         -5.5%
2022-12-05  2022-12-13       6日     +0.6%     +1.6%        +3.1%         -0.8%
2022-12-14  2023-01-11      18日     -0.5%     -4.2%       -11.7%         +2.9%
2023-01-18  2023-01-20       2日     +1.1%     +1.6%        +5.3%         +2.9%
2023-03-10  2023-03-14       2日     +1.5%     +4.2%        +3.3%         +4.6%
2023-03-15  2023-03-16       1日     +1.7%     +3.3%        +3.0%         +4.6%
2023-10-25  2023-11-01       5日     +1.2%     +2.0%        -1.3%         +8.0%
2025-03-10  2025-03-24      10日     +2.7%    +13.6%        +4.7%         -8.2%
2025-03-26  2025-05-12      32日     +2.5%     +9.6%        +2.1%         +3.4%
2026-03-20  2026-04-08      12日     +4.2%     +7.3%        +5.8%         +8.6%
--------------------------------------------------------------------------------------------------------------------------------
共 21 次离场信号, 累计离场 359 个交易日 (占全程 18.6%)
其中离场期间 VOO 反而上涨(假信号) 17 次 / 21 次 = 81%

滞后成本: 熊市从顶点到发出离场信号, 已经跌了多少
熊市区间            顶点日         离场信号日             滞后       信号时已跌        熊市全程跌幅
--------------------------------------------------------------------------------------------------------------------------------
2020 疫情崩盘       2020-02-19  2020-02-27        6日      -12.1%        -34.0%
2022 熊市         2022-01-03  2022-01-21       13日       -8.3%        -24.5%

熊市捕获率: 熊市跌幅中实际躲开多少 (括号内为该段最大回撤)
熊市区间                         VOO            等权全买         Vortex裸        200DMA空仓        50/200空仓
--------------------------------------------------------------------------------------------------------------------------------
2020 疫情崩盘            -34% (-34%)     -29% (-31%)     -45% (-45%)     -31% (-31%)     -45% (-45%)
2022 熊市              -25% (-25%)     -45% (-45%)     -22% (-36%)     -13% (-15%)     -15% (-21%)

SAVED _bear_defense_v14.json
