调仓次数  旧=92  新=92
全程      旧=+2940%   新=+484%

前 8 次调仓对比
#   日期          旧引擎选股                       新引擎选股                       一致
------------------------------------------------------------------------------------
0   2019-01-03  MRVL,MSTR                   MRVL,MSTR                   Y
1   2019-02-04  DELL,AAPL                   DELL,AAPL                   Y
2   2019-03-06  INTC,BE                     INTC,BE                     Y
3   2019-04-04  AMZN,TSM                    AMZN,TSM                    Y
4   2019-05-06  QCOM,BE                     QCOM,BE                     Y
5   2019-06-05  NOK,AMD                     NOK,AMD                     Y
6   2019-07-05  GLW,AAPL                    GLW,AAPL                    Y
7   2019-08-05  PDD,MSTR                    PDD,MSTR                    Y

日期对齐后的选股一致率:
  共同日期 92 个, 选股一致 92 个 (100%)

关键日期净值对比
日期                     旧引擎           新引擎      比值
------------------------------------------------------------------------------------
2020-01-02           3356          3664    1.09
2020-06-01           5079          4640    0.91
2021-01-04           7869          6002    0.76
2022-01-03          16110          9257    0.57
2022-10-12          13323          8050    0.60
2023-01-03          11450          6558    0.57
2024-01-02          25103         12936    0.52
2025-01-02          43222         20648    0.48
2026-01-02          58790         17436    0.30
