==============================================================================================================
美股深度指标全家桶 (聪明钱/技术分析/技术指标/AI) · 区间 2018-01-02 ~ 2026-09-10 (2184 交易日) 起点 $3000
VOO 买入持有: $9685 (+222.8%) | VOO 200DMA择时(空仓): $6943 (+131.4%)
==============================================================================================================

### [聪明钱] OBV斜率 Top2
  终值 $8702 | 总收益 190.1% | 年化全 13.1% | 活跃年化 14.9% | 夏普 0.51 | 最大回撤 -61.7% | 首笔 2019-01-03

### [聪明钱] CMF(20) Top2
  终值 $51326 | 总收益 1610.9% | 年化全 38.8% | 活跃年化 44.9% | 夏普 1.09 | 最大回撤 -66.1% | 首笔 2019-01-03

### [聪明钱] MFI(14) Top2
  终值 $37683 | 总收益 1156.1% | 年化全 33.9% | 活跃年化 39.1% | 夏普 1.01 | 最大回撤 -50.8% | 首笔 2019-01-03

### [聪明钱] AD线斜率 Top2
  终值 $95080 | 总收益 3069.3% | 年化全 49.0% | 活跃年化 57.0% | 夏普 1.23 | 最大回撤 -42.2% | 首笔 2019-01-03

### [聪明钱] Chaikin ADOsc Top2
  终值 $49434 | 总收益 1547.8% | 年化全 38.2% | 活跃年化 44.1% | 夏普 1.16 | 最大回撤 -54.8% | 首笔 2019-01-03

### [聪明钱] 放量加速度 Top2
  终值 $15635 | 总收益 421.2% | 年化全 21.0% | 活跃年化 24.0% | 夏普 0.69 | 最大回撤 -69.4% | 首笔 2019-01-03

### [聪明钱] 组合(6合1) Top2
  终值 $14619 | 总收益 387.3% | 年化全 20.0% | 活跃年化 23.0% | 夏普 0.68 | 最大回撤 -62.9% | 首笔 2019-01-03

### [技术分析] Aroon(25) Top2
  终值 $20293 | 总收益 576.4% | 年化全 24.7% | 活跃年化 28.3% | 夏普 0.78 | 最大回撤 -55.6% | 首笔 2019-01-03

### [技术分析] SAR距离 Top2
  终值 $32422 | 总收益 980.7% | 年化全 31.6% | 活跃年化 36.4% | 夏普 0.9 | 最大回撤 -59.9% | 首笔 2019-01-03

### [技术分析] Keltner突破 Top2
  终值 $9596 | 总收益 219.9% | 年化全 14.4% | 活跃年化 16.4% | 夏普 0.54 | 最大回撤 -67.6% | 首笔 2019-01-03

### [技术分析] Ichimoku云 Top2
  终值 $67830 | 总收益 2161.0% | 年化全 43.3% | 活跃年化 50.2% | 夏普 1.03 | 最大回撤 -49.0% | 首笔 2019-01-03

### [技术分析] 组合(4合1) Top2
  终值 $34686 | 总收益 1056.2% | 年化全 32.6% | 活跃年化 37.6% | 夏普 0.88 | 最大回撤 -60.5% | 首笔 2019-01-03

### [技术指标] RSI14(强势) Top2
  终值 $35486 | 总收益 1082.9% | 年化全 33.0% | 活跃年化 38.0% | 夏普 0.96 | 最大回撤 -44.7% | 首笔 2019-01-03

### [技术指标] RSI7(强势) Top2
  终值 $28016 | 总收益 833.9% | 年化全 29.4% | 活跃年化 33.8% | 夏普 0.89 | 最大回撤 -45.8% | 首笔 2019-01-03

### [技术指标] CCI20(强势) Top2
  终值 $49552 | 总收益 1551.7% | 年化全 38.2% | 活跃年化 44.2% | 夏普 1.1 | 最大回撤 -38.4% | 首笔 2019-01-03

### [技术指标] CCI14(强势) Top2
  终值 $12595 | 总收益 319.8% | 年化全 18.0% | 活跃年化 20.6% | 夏普 0.66 | 最大回撤 -51.2% | 首笔 2019-01-03

### [技术指标] Stochastic%K Top2
  终值 $66724 | 总收益 2124.1% | 年化全 43.0% | 活跃年化 49.9% | 夏普 1.17 | 最大回撤 -56.0% | 首笔 2019-01-03

### [技术指标] Williams%R Top2
  终值 $66724 | 总收益 2124.1% | 年化全 43.0% | 活跃年化 49.9% | 夏普 1.17 | 最大回撤 -56.0% | 首笔 2019-01-03

### [技术指标] Bollinger%B Top2
  终值 $39201 | 总收益 1206.7% | 年化全 34.5% | 活跃年化 39.8% | 夏普 0.99 | 最大回撤 -49.5% | 首笔 2019-01-03

### [技术指标] MACD柱 Top2
  终值 $6571 | 总收益 119.0% | 年化全 9.5% | 活跃年化 10.8% | 夏普 0.43 | 最大回撤 -68.4% | 首笔 2019-01-03

### [技术指标] DI差 Top2
  终值 $19014 | 总收益 533.8% | 年化全 23.7% | 活跃年化 27.3% | 夏普 0.76 | 最大回撤 -60.9% | 首笔 2019-01-03

### [技术指标] ROC60 Top2
  终值 $62957 | 总收益 1998.6% | 年化全 42.1% | 活跃年化 48.8% | 夏普 0.96 | 最大回撤 -55.8% | 首笔 2019-01-03

### [技术指标] ROC120 Top2
  终值 $42829 | 总收益 1327.6% | 年化全 35.9% | 活跃年化 41.5% | 夏普 0.87 | 最大回撤 -79.4% | 首笔 2019-01-03

### [技术指标] Donchian55 Top2
  终值 $22522 | 总收益 650.7% | 年化全 26.2% | 活跃年化 30.1% | 夏普 0.91 | 最大回撤 -41.1% | 首笔 2019-01-03

### [技术指标] CMO20 Top2
  终值 $53904 | 总收益 1696.8% | 年化全 39.6% | 活跃年化 45.8% | 夏普 1.13 | 最大回撤 -45.7% | 首笔 2019-01-03

### [技术指标] TSI Top2
  终值 $98756 | 总收益 3191.9% | 年化全 49.7% | 活跃年化 57.8% | 夏普 1.24 | 最大回撤 -48.0% | 首笔 2019-01-03

### [技术指标] Vortex Top2
  终值 $93512 | 总收益 3017.1% | 年化全 48.7% | 活跃年化 56.6% | 夏普 1.3 | 最大回撤 -35.2% | 首笔 2019-01-03

### [技术指标] 均线与斜率
  终值 $41684 | 总收益 1289.5% | 年化全 35.5% | 活跃年化 41.0% | 夏普 0.88 | 最大回撤 -80.7% | 首笔 2019-01-03

### [AI] 随机森林(窗口756 种子0) Top2
  终值 $9174 | 总收益 205.8% | 年化全 13.8% | 活跃年化 17.3% | 夏普 0.54 | 最大回撤 -68.1% | 首笔 2019-09-04

### [AI] 随机森林(窗口756 种子42) Top2
  终值 $6260 | 总收益 108.7% | 年化全 8.9% | 活跃年化 11.1% | 夏普 0.41 | 最大回撤 -69.7% | 首笔 2019-09-04

### [AI] 随机森林(窗口504 种子0) Top2
  终值 $13192 | 总收益 339.7% | 年化全 18.6% | 活跃年化 23.6% | 夏普 0.66 | 最大回撤 -49.2% | 首笔 2019-09-04

### [AI] AI+动量 Top2
  终值 $28450 | 总收益 848.3% | 年化全 29.6% | 活跃年化 34.1% | 夏普 0.82 | 最大回撤 -82.7% | 首笔 2019-01-03

### [AI] AI+聪明钱 Top2
  终值 $37054 | 总收益 1135.1% | 年化全 33.6% | 活跃年化 38.8% | 夏普 0.93 | 最大回撤 -70.3% | 首笔 2019-01-03

### [AI] 全家桶混合(动+聪明+技术+AI) Top2
  终值 $9451 | 总收益 215.0% | 年化全 14.2% | 活跃年化 16.2% | 夏普 0.53 | 最大回撤 -84.5% | 首笔 2019-01-03

### [风控] 聪明钱组合 +15%止损+200DMA
  终值 $8972 | 总收益 199.2% | 年化全 13.5% | 活跃年化 14.4% | 夏普 0.57 | 最大回撤 -47.6% | 首笔 2019-02-04

### [风控] 技术分析组合 +15%止损+200DMA
  终值 $19285 | 总收益 543.2% | 年化全 24.0% | 活跃年化 26.5% | 夏普 0.8 | 最大回撤 -48.4% | 首笔 2019-02-04

### [风控] AI全家桶混合 +15%止损+200DMA
  终值 $11740 | 总收益 291.5% | 年化全 17.1% | 活跃年化 18.5% | 夏普 0.62 | 最大回撤 -62.1% | 首笔 2019-02-04

### [风控] 经典12-1 +15%止损+200DMA
  终值 $27897 | 总收益 830.3% | 年化全 29.4% | 活跃年化 32.8% | 夏普 0.88 | 最大回撤 -68.7% | 首笔 2019-02-04

### [基准] 经典12-1动量 Top2 无止损
  终值 $92023 | 总收益 2967.4% | 年化全 48.4% | 活跃年化 56.3% | 夏普 1.08 | 最大回撤 -70.7% | 首笔 2019-01-03

### [基准] 金叉+MA50距离 Top2 无止损
  终值 $99740 | 总收益 3224.7% | 年化全 49.8% | 活跃年化 58.0% | 夏普 1.13 | 最大回撤 -57.6% | 首笔 2019-01-03

==============================================================================================================
【总收益排行 (降序)】
  排名 |      总收益% |       终值$ |     夏普 |     回撤% | 名称
   1 |    3224.7 |     99740 |   1.13 |   -57.6 | [基准] 金叉+MA50距离 Top2 无止损
   2 |    3191.9 |     98756 |   1.24 |   -48.0 | [技术指标] TSI Top2
   3 |    3069.3 |     95080 |   1.23 |   -42.2 | [聪明钱] AD线斜率 Top2
   4 |    3017.1 |     93512 |    1.3 |   -35.2 | [技术指标] Vortex Top2
   5 |    2967.4 |     92023 |   1.08 |   -70.7 | [基准] 经典12-1动量 Top2 无止损
   6 |    2161.0 |     67830 |   1.03 |   -49.0 | [技术分析] Ichimoku云 Top2
   7 |    2124.1 |     66724 |   1.17 |   -56.0 | [技术指标] Stochastic%K Top2
   8 |    2124.1 |     66724 |   1.17 |   -56.0 | [技术指标] Williams%R Top2
   9 |    1998.6 |     62957 |   0.96 |   -55.8 | [技术指标] ROC60 Top2
  10 |    1696.8 |     53904 |   1.13 |   -45.7 | [技术指标] CMO20 Top2
  11 |    1610.9 |     51326 |   1.09 |   -66.1 | [聪明钱] CMF(20) Top2
  12 |    1551.7 |     49552 |    1.1 |   -38.4 | [技术指标] CCI20(强势) Top2
  13 |    1547.8 |     49434 |   1.16 |   -54.8 | [聪明钱] Chaikin ADOsc Top2
  14 |    1327.6 |     42829 |   0.87 |   -79.4 | [技术指标] ROC120 Top2
  15 |    1289.5 |     41684 |   0.88 |   -80.7 | [技术指标] 均线与斜率
  16 |    1206.7 |     39201 |   0.99 |   -49.5 | [技术指标] Bollinger%B Top2
  17 |    1156.1 |     37683 |   1.01 |   -50.8 | [聪明钱] MFI(14) Top2
  18 |    1135.1 |     37054 |   0.93 |   -70.3 | [AI] AI+聪明钱 Top2
  19 |    1082.9 |     35486 |   0.96 |   -44.7 | [技术指标] RSI14(强势) Top2
  20 |    1056.2 |     34686 |   0.88 |   -60.5 | [技术分析] 组合(4合1) Top2
  21 |     980.7 |     32422 |    0.9 |   -59.9 | [技术分析] SAR距离 Top2
  22 |     848.3 |     28450 |   0.82 |   -82.7 | [AI] AI+动量 Top2
  23 |     833.9 |     28016 |   0.89 |   -45.8 | [技术指标] RSI7(强势) Top2
  24 |     830.3 |     27897 |   0.88 |   -68.7 | [风控] 经典12-1 +15%止损+200DMA
  25 |     650.7 |     22522 |   0.91 |   -41.1 | [技术指标] Donchian55 Top2
  26 |     576.4 |     20293 |   0.78 |   -55.6 | [技术分析] Aroon(25) Top2
  27 |     543.2 |     19285 |    0.8 |   -48.4 | [风控] 技术分析组合 +15%止损+200DMA
  28 |     533.8 |     19014 |   0.76 |   -60.9 | [技术指标] DI差 Top2
  29 |     421.2 |     15635 |   0.69 |   -69.4 | [聪明钱] 放量加速度 Top2
  30 |     387.3 |     14619 |   0.68 |   -62.9 | [聪明钱] 组合(6合1) Top2
  31 |     339.7 |     13192 |   0.66 |   -49.2 | [AI] 随机森林(窗口504 种子0) Top2
  32 |     319.8 |     12595 |   0.66 |   -51.2 | [技术指标] CCI14(强势) Top2
  33 |     291.5 |     11740 |   0.62 |   -62.1 | [风控] AI全家桶混合 +15%止损+200DMA
  34 |     219.9 |      9596 |   0.54 |   -67.6 | [技术分析] Keltner突破 Top2
  35 |     215.0 |      9451 |   0.53 |   -84.5 | [AI] 全家桶混合(动+聪明+技术+AI) Top2
  36 |     205.8 |      9174 |   0.54 |   -68.1 | [AI] 随机森林(窗口756 种子0) Top2
  37 |     199.2 |      8972 |   0.57 |   -47.6 | [风控] 聪明钱组合 +15%止损+200DMA
  38 |     190.1 |      8702 |   0.51 |   -61.7 | [聪明钱] OBV斜率 Top2
  39 |     119.0 |      6571 |   0.43 |   -68.4 | [技术指标] MACD柱 Top2
  40 |     108.7 |      6260 |   0.41 |   -69.7 | [AI] 随机森林(窗口756 种子42) Top2

SAVED c:/Users/sailor/WorkBuddy/2026-09-11-09-02-22\_deep_v11_results.json | 耗时 373.1s
