==============================================================================================================
缺陷取证 A: 前复权(QFQ)增量合并 -> 是否留下'基准断层'
==============================================================================================================
2026-09-12 11:06:56,206 | 10988 | 304 | [open_context_base.py:411] _init_connect_sync: New connect ready: conn=7504374965006082389(1) context=<futu.quote.open_quote_context.OpenQuoteContext object at 0x0000011D4715D2E0>
  额度剩余: 10
  US.AAPL: 重叠 276 日, 最大相对差 0.00108228, 有差异天数 1
     -> ⚠ 局部差异! 首次不同在第 275 天 (2026-09-11), 末次在第 275 天 (2026-09-11)
        本地218.97 vs 新拉218.97  (首日)
  US.MSFT: 重叠 276 日, 最大相对差 0.00231491, 有差异天数 1
     -> ⚠ 局部差异! 首次不同在第 275 天 (2026-09-11), 末次在第 275 天 (2026-09-11)
        本地515.74 vs 新拉515.74  (首日)
  US.META: 重叠 276 日, 最大相对差 0.00325312, 有差异天数 1
     -> ⚠ 局部差异! 首次不同在第 275 天 (2026-09-11), 末次在第 275 天 (2026-09-11)
        本地759.34 vs 新拉759.34  (首日)

==============================================================================================================
缺陷取证 B: 合并后的历史序列里是否存在'接缝跳变'
==============================================================================================================
2026-09-12 11:06:57,792 | 10988 | 19724 | [open_context_base.py:521] on_disconnect: Disconnected: conn=0(1) reason=CallClose
  US.AAPL: 有 1 处 >15% 跳变:
     2025-04-09  +15.3%  (171.37 -> 197.63)
  US.MSFT: 有 1 处 >15% 跳变:
     2026-07-30  +15.5%  (389.81 -> 450.25)
  US.META: 有 6 处 >15% 跳变:
     2018-07-26  -19.0%  (215.61 -> 174.73)
     2022-02-03  -26.4%  (320.19 -> 235.69)
     2022-04-28  +17.6%  (173.43 -> 203.94)
     2022-10-27  -24.6%  (128.69 -> 97.09)
     2023-02-02  +23.3%  (151.79 -> 187.13)
     2024-02-02  +20.3%  (391.34 -> 470.86)

==============================================================================================================
缺陷取证 C: 调仓日历分支 (非调仓日时会说什么?)
==============================================================================================================
  面板裁掉最后  0 根 -> N=2185, 最后调仓索引=2184 (N-1=2184), is_rebal=True, 下次调仓索引=2205 (尚未到来)
  面板裁掉最后  3 根 -> N=2182, 最后调仓索引=2163 (N-1=2181), is_rebal=False, 下次调仓索引=2184 (尚未到来)
     ⚠ 脚本 else 分支会打印: 上次调仓=[RB[-2]], 下次调仓=[RB[-1]]  <- RB[-1] 其实是【过去】的调仓日
  面板裁掉最后  7 根 -> N=2178, 最后调仓索引=2163 (N-1=2177), is_rebal=False, 下次调仓索引=2184 (尚未到来)
     ⚠ 脚本 else 分支会打印: 上次调仓=[RB[-2]], 下次调仓=[RB[-1]]  <- RB[-1] 其实是【过去】的调仓日
  面板裁掉最后 15 根 -> N=2170, 最后调仓索引=2163 (N-1=2169), is_rebal=False, 下次调仓索引=2184 (尚未到来)
     ⚠ 脚本 else 分支会打印: 上次调仓=[RB[-2]], 下次调仓=[RB[-1]]  <- RB[-1] 其实是【过去】的调仓日

==============================================================================================================
缺陷取证 D: 标的池与元数据的时效性
==============================================================================================================
  market_info.json 标的数: 53, fetched_codes.json: 53
  过滤后 UNI: 37 只
  市值门槛 10e9 是【2026 年快照】, 不是动态更新 -> 幸存者偏差无法消除

==============================================================================================================
缺陷取证 E: 未使用的变量 / 死代码 / 潜在崩溃点
==============================================================================================================
  ✓ V_ (赋值后从未使用): 未见
  ⚠ lines (赋值后从未使用): 存在
  ⚠ market_info 无异常保护: 存在
  检查: else 分支 exec_d 赋值条件 RB[-1]+REBAL < N
     裁掉 3根: RB[-1]+REBAL=2184, N=2182 -> 条件=False -> exec_d=None (永远拿不到执行日!)
     裁掉 7根: RB[-1]+REBAL=2184, N=2178 -> 条件=False -> exec_d=None (永远拿不到执行日!)
     裁掉15根: RB[-1]+REBAL=2184, N=2170 -> 条件=False -> exec_d=None (永远拿不到执行日!)
