==============================================================================================================
F  最后一根 bar 是否可能是【盘中未完成】或【被事后修正】
==============================================================================================================
  US.AAPL: 文件修改时间 2026-09-12 03:02:31 | 最后一根 2026-09-11 O=327.66 C=332.63 V=36,216,603
  US.MSFT: 文件修改时间 2026-09-12 03:02:41 | 最后一根 2026-09-11 O=495.57 C=496.78 V=7,885,370
  US.META: 文件修改时间 2026-09-12 03:02:34 | 最后一根 2026-09-11 O=653.12 C=650.14 V=9,856,220

  当前北京时间: 2026-09-12 11:07 (周六)
  当前是否处于美股常规时段(北京 21:30-04:00): False
  脚本是否有【盘中运行】的防护: ❌ 无
  -> 若在美股盘中运行, 最后一根是【未完成 bar】(有价格、有成交量), 现有检查无法识别

==============================================================================================================
G  面板中间出现【数据空洞】时能否被发现
==============================================================================================================
  扫描 39 个文件, 发现 >12 自然日的间隔: 0 处
  脚本 load() 用 ffill(limit=10) -> 空档 >10 日不会被填充, 面板里留 NaN
  脚本是否有【面板空洞】检测: ❌ 无

==============================================================================================================
H  重复运行是否会在 signal_history.csv 里写重复行
==============================================================================================================
  现有 13 行
  按(date,strategy,topk)重复的行: 13 行
      date strategy  topk        picks   exec_day
2026-09-11   Vortex     2      META,BE 2026-09-14
2026-09-11   Vortex     2      META,BE 2026-09-14
2026-09-11   Vortex     2      META,BE 2026-09-14
2026-09-11  动量-1月反转     3 MU,LITE,COHR 2026-09-14
2026-09-11   Vortex     2      META,BE 2026-09-14
2026-09-11   Vortex     2      META,BE 2026-09-14
2026-09-11   Vortex     2      META,BE 2026-09-14
2026-09-11   Vortex     2      META,BE 2026-09-14
2026-09-11   Vortex     2      META,BE 2026-09-14
2026-09-11  动量-1月反转     3 MU,LITE,COHR 2026-09-14
2026-09-11  动量-1月反转     3 MU,LITE,COHR 2026-09-14
2026-09-11   Vortex     2      META,BE 2026-09-14
2026-09-11   Vortex     2      META,BE 2026-09-14
  脚本是否有去重: ❌ 无 (mode="a" 直接追加)

==============================================================================================================
I  portfolio.json 输入校验
==============================================================================================================
  --bought 解析: c,q = cq.split(':') ; 无 ticker 白名单校验
  --positions 解析: c,q = kv.split(':') ; 无校验
  float('abc') -> ValueError (会在启动阶段直接崩, 无友好提示)
  若填错 ticker (如 'APPL'), POSITIONS 里会有幽灵持仓, 但 px_now.get 取不到 -> 市值为 0
  -> 市值被低估, 净值算错, 目标股数跟着错。脚本是否校验 ticker 合法性: ❌ 无

==============================================================================================================
J  税务 / 分红 / 除息 是否被建模
==============================================================================================================
  ❌ 提及「股息」
  ❌ 提及「预扣税」
  ❌ 提及「资本利得税」
  ❌ 提及「除息」
  -> 全部未建模: 美股股息对非美居民征 30%, 分红再投资也没算进收益

==============================================================================================================
K  汇率与本金口径
==============================================================================================================
  FX 默认 6.7092 硬编码在源码第 54 行, 不联网更新
  CAP0 来源优先级: --capital > --cny/FX > 10000/FX
  -> 长期运行需要人工改源码或每次传参, 汇率漂移无人提醒
