========================================================================================================================
原理指标体检: Vortex 与 动量-1月反转 到底在选什么票
========================================================================================================================

--- Vortex ---
  数值范围: P5=-0.501  中位=0.044  P95=0.593
  预测力 IC(与未来21日收益的横截面Spearman): 均值=-0.0076  正比例=51%
  选中票的21日波动率: 3.45%   宇宙平均: 3.06%  (更高=选得更猛)
  选中票近1月涨幅 +24.3% | 近1年涨幅 +46.2%   (宇宙近1月均值 +3.5%)

--- 动量-1月反转 ---
  数值范围: P5=-1.070  中位=-0.026  P95=1.098
  预测力 IC(与未来21日收益的横截面Spearman): 均值=-0.0042  正比例=46%
  选中票的21日波动率: 4.37%   宇宙平均: 3.06%  (更高=选得更猛)
  选中票近1月涨幅 -6.9% | 近1年涨幅 +252.1%   (宇宙近1月均值 +3.5%)

========================================================================================================================
牛熊分段收益 (strict 引擎)
========================================================================================================================
阶段                    性质      Vortex       动量-1月反转        等权全买       VOO
------------------------------------------------------------------------------------------------------------------------
2018 牛市(至顶)            牛         预热期           预热期         预热期       预热期
2018 Q4 回落             熊         预热期           预热期         预热期       预热期
2019-2020.2 牛市         牛        +49%         +122%        +70%      +41%
2020 疫情崩盘              熊        -31%          -32%        -29%      -34%
2020-2021 牛市           牛       +394%         +178%       +220%     +101%
2022 熊市                熊        -17%          -11%        -45%      -25%
2023-2026 牛市           牛       +697%        +3122%       +443%     +109%
------------------------------------------------------------------------------------------------------------------------
全程                            +2940%       +13233%       +1207%     +249%

各阶段最大回撤 (区间内最惨时亏多少)
阶段                        Vortex       动量-1月反转        等权全买       VOO
------------------------------------------------------------------------------------------------------------------------
2018 牛市(至顶)                  预热期           预热期         预热期       预热期
2018 Q4 回落                   预热期           预热期         预热期       预热期
2019-2020.2 牛市              -25%          -14%        -16%       -7%
2020 疫情崩盘                   -34%          -38%        -31%      -34%
2020-2021 牛市                -14%          -52%        -22%       -9%
2022 熊市                     -26%          -29%        -45%      -25%
2023-2026 牛市                -23%          -36%        -37%      -19%

========================================================================================================================
逐年收益 & 月度胜率
========================================================================================================================
年份            Vortex       动量-1月反转        等权全买       VOO  胜者
------------------------------------------------------------------------------------------------------------------------
2019            +11%          +77%        +48%      +31%  动量-1月反转
2020           +134%         +291%       +103%      +17%  动量-1月反转
2021           +101%          -38%        +35%      +31%  Vortex
2022            -28%           -9%        -43%      -19%  动量-1月反转
2023           +133%          +50%        +68%      +27%  Vortex
2024            +73%         +376%        +67%      +26%  动量-1月反转
2025            +31%          +86%        +28%      +18%  动量-1月反转
2026            +55%         +128%        +47%      +12%  动量-1月反转
------------------------------------------------------------------------------------------------------------------------
Vortex         月度胜率 64% | 最好月 +54% | 最差月 -21% | 最长连亏 4 个月
动量-1月反转        月度胜率 63% | 最好月 +105% | 最差月 -19% | 最长连亏 6 个月
等权全买           月度胜率 63% | 最好月 +29% | 最差月 -20% | 最长连亏 4 个月

========================================================================================================================
当前信号 (2026-09-10 收盘后计算, 次日开盘买入)
========================================================================================================================
  Vortex         最近6期选股:
      2026-03-12  ->  PLTR, DELL
      2026-04-13  ->  MRVL, INTC
      2026-05-12  ->  INTC, MU
      2026-06-11  ->  CRDO, HOOD
      2026-07-14  ->  PDD, ADBE
      2026-08-12  ->  MSFT, ORCL
  动量-1月反转        最近6期选股:
      2026-03-12  ->  LITE, CRDO
      2026-04-13  ->  BE, LITE
      2026-05-12  ->  LITE, BE
      2026-06-11  ->  BE, LITE
      2026-07-14  ->  LITE, BE
      2026-08-12  ->  MU, BE

========================================================================================================================
历史持仓统计 (选中最多次的票)
========================================================================================================================
  Vortex         共调仓 92 次 | Top8: PDD(11), TSLA(11), MRNA(9), ORCL(9), BE(8), GLW(8), LITE(8), MSTR(7)
                 平均每次换手 1.87 只/月
  动量-1月反转        共调仓 92 次 | Top8: MSTR(16), NVDA(15), TSLA(14), PDD(13), AMD(12), BE(12), FUTU(12), MRNA(11)
                 平均每次换手 1.36 只/月

SAVED _detail_v12.json
