============================================================================================================================
[1] 策略买入的票, 在买入当天是否【高开低走】? (开盘买 -> 当日收盘)
============================================================================================================================
策略                      样本        5%       25%        中位       75%       95%        均值
----------------------------------------------------------------------------------------------------------------------------
Vortex                 184    -4.75%    -1.25%    +0.40%    +1.49%    +5.46%   +0.132%
动量-1月反转                184    -5.46%    -2.03%    -0.25%    +1.64%    +4.89%   -0.203%

  解读: 若中位为负 = 高开低走, 开盘买吃亏; 为正 = 开盘后继续涨, 开盘买划算。
        注意: 这不是成本, 是'择时日内哪个时点下注'的偏好差异。

============================================================================================================================
[2] 开盘成交 vs 收盘成交: 8.7 年终值对比 (真实佣金 $2/笔)
============================================================================================================================
策略                            次日开盘成交(现状)            次日收盘成交          差异
----------------------------------------------------------------------------------------------------------------------------
Vortex                           +11277%            +9005%      -2271pp
动量-1月反转                          +12489%           +14441%      +1952pp

  注: '次日收盘成交' 需要你等到收盘才知道价格并下单, 实务上更难精确执行, 仅作对照。

============================================================================================================================
[3] 9/14 开盘价的预期区间 (基于 9/11 收盘 + 历史跳空分布)
============================================================================================================================

  META   9/11 收盘 $648.38
     9/14 开盘预期:  悲观(5%) $625.10 | 较可能(25~75%) $644.29~$655.83 | 中位 $650.19 | 乐观(95%) $672.69

  BE     9/11 收盘 $274.45
     9/14 开盘预期:  悲观(5%) $264.60 | 较可能(25~75%) $272.73~$277.61 | 中位 $275.22 | 乐观(95%) $284.75

  MU     9/11 收盘 $975.10
     9/14 开盘预期:  悲观(5%) $940.09 | 较可能(25~75%) $968.95~$986.31 | 中位 $977.83 | 乐观(95%) $1,011.66

  LITE   9/11 收盘 $928.77
     9/14 开盘预期:  悲观(5%) $895.42 | 较可能(25~75%) $922.92~$939.45 | 中位 $931.37 | 乐观(95%) $963.60

  DELL   9/11 收盘 $560.57
     9/14 开盘预期:  悲观(5%) $540.45 | 较可能(25~75%) $557.04~$567.02 | 中位 $562.14 | 乐观(95%) $581.59

  COHR   9/11 收盘 $304.54
     9/14 开盘预期:  悲观(5%) $293.60 | 较可能(25~75%) $302.62~$308.04 | 中位 $305.39 | 乐观(95%) $315.96

  (跳空分位数取自 Vortex 策略历史实际买入票的 182 个样本)

============================================================================================================================
[4] 按 9/11 收盘价, $1,490 本金的整股可行性
============================================================================================================================
  Vortex Top2: META 1股=$648 + BE 2股=$549 = $1,197 / $1,490 (投入 80%, 闲置 $293)
  Vortex Top3: META 0股=$0 + BE 1股=$274 + DELL 0股=$0 = $274 / $1,490 (投入 18%, 闲置 $1,216)
  动量-1月反转 Top2: MU 0股=$0 + LITE 0股=$0 = $0 / $1,490 (投入 0%, 闲置 $1,490)
  动量-1月反转 Top3: MU 0股=$0 + LITE 0股=$0 + COHR 1股=$305 = $305 / $1,490 (投入 20%, 闲置 $1,186)
