================================================================================================================================
[A] 实时信号: 用 2026-09-10 收盘数据算, 2026-09-14(周一)开盘执行
================================================================================================================================

  Vortex Top2   (每只预算 $745)
     META   $   644.38  近1月  +7.6% 近3月 +13.0% 近1年    -16%   碎股1.157股 / 整股1股
     BE     $   258.49  近1月 +22.4% 近3月 +10.4% 近1年   +370%   碎股2.883股 / 整股2股

  Vortex Top3   (每只预算 $497)
     META   $   644.38  近1月  +7.6% 近3月 +13.0% 近1年    -16%   碎股0.771股 / 整股0股   <-- 整股买不起1股!
     BE     $   258.49  近1月 +22.4% 近3月 +10.4% 近1年   +370%   碎股1.922股 / 整股1股
     DELL   $   506.62  近1月 +14.9% 近3月 +37.2% 近1年   +323%   碎股0.981股 / 整股0股   <-- 整股买不起1股!

  动量-1月反转 Top2   (每只预算 $745)
     MU     $   977.41  近1月 +12.5% 近3月  +9.6% 近1年   +624%   碎股0.762股 / 整股0股   <-- 整股买不起1股!
     LITE   $   935.70  近1月 +14.0% 近3月  +9.7% 近1年   +517%   碎股0.796股 / 整股0股   <-- 整股买不起1股!

  动量-1月反转 Top3   (每只预算 $497)
     MU     $   977.41  近1月 +12.5% 近3月  +9.6% 近1年   +624%   碎股0.508股 / 整股0股   <-- 整股买不起1股!
     LITE   $   935.70  近1月 +14.0% 近3月  +9.7% 近1年   +517%   碎股0.531股 / 整股0股   <-- 整股买不起1股!
     COHR   $   293.17  近1月 -10.8% 近3月 -17.4% 近1年   +195%   碎股1.695股 / 整股1股

================================================================================================================================
[B] 整股约束的影响 (若券商不支持碎股, 小资金会被高价股卡住)
================================================================================================================================
策略                                  碎股8.7年          整股8.7年          差异
--------------------------------------------------------------------------------------------------------------------------------
Vortex Top2                        +12059%         +12135%        +75pp
Vortex Top3                         +4921%          +4825%        -96pp
动量-1月反转 Top2                       +12753%         +12458%       -294pp
动量-1月反转 Top3                        +9796%          +9794%         -2pp

================================================================================================================================
[C] 波动率压缩情景: 起点波动率极低(<20分位)时, 之后76天会怎样
================================================================================================================================
  当前 VOO 21日年化波动率 8.3% | 历史中位 13.4% | 20分位 9.9%  -> 属于低波动压缩期
起点状态                             样本        5%       25%        中位       75%       95%      为正概率
--------------------------------------------------------------------------------------------------------------------------------
低波动起点(<20分位) | Vortex Top2      374    7,937元    9,934元   11,629元   12,987元   16,433元       74%
低波动起点(<20分位) | 动量-1月反转 Top2     374    5,248元    9,455元   11,950元   13,603元   26,490元       69%
高波动起点(>80分位) | Vortex Top2      387    8,943元    9,953元   11,016元   13,162元   22,979元       74%
高波动起点(>80分位) | 动量-1月反转 Top2     387    8,201元   11,434元   14,016元   17,505元   22,779元       85%

================================================================================================================================
[D] 压力测试: 起点在牛市, 但随后 76 天内 VOO 跌破 200 日均线 (最贴近当前风险)
================================================================================================================================
  符合条件的窗口: 530 个
策略                             样本         5%        25%         中位        75%        95%      为正概率
--------------------------------------------------------------------------------------------------------------------------------
Vortex Top2                   530     7,762元     9,286元    11,244元    12,582元    17,241元       68%
Vortex Top3                   530     7,549元     8,875元    10,454元    12,117元    16,835元       58%
动量-1月反转 Top2                  530     5,224元     9,132元    11,109元    12,719元    18,666元       64%
动量-1月反转 Top3                  530     5,330元     8,471元    10,739元    11,734元    18,583元       59%
等权全买37只                       530     7,605元     8,764元    10,116元    11,232元    13,839元       54%
VOO 指数                        530     8,557元     9,281元     9,957元    10,541元    11,175元       49%

================================================================================================================================
[E] 单月最坏情况: 历史上任意 21 天窗口的最差表现 (本金 $1,490)
================================================================================================================================
策略                               最差21天           发生时       最差63天       最差76天
--------------------------------------------------------------------------------------------------------------------------------
Vortex Top2                     -43.7%    2020-02-21      -30.6%      -29.4%
Vortex Top3                     -38.3%    2020-02-21      -29.1%      -30.0%
动量-1月反转 Top2                    -42.8%    2020-02-18      -60.0%      -61.5%
动量-1月反转 Top3                    -37.6%    2025-02-06      -52.1%      -54.8%
等权全买37只                         -29.2%    2020-02-18      -35.9%      -36.0%
VOO 指数                          -33.0%    2020-02-21      -30.0%      -28.0%
