====================================================================================================================
[1] 刷新行情
====================================================================================================================
2026-09-12 11:07:53,463 | 15424 | 14848 | [open_context_base.py:411] _init_connect_sync: New connect ready: conn=7504375205167766322(1) context=<futu.quote.open_quote_context.OpenQuoteContext object at 0x000001B23B9DCF50>
  历史K线剩余额度: 10  (30 天内已拉过的标的重复请求不计费, 故小额度通常仍可全量刷新)
  已刷新 38/38 只
2026-09-12 11:08:10,514 | 15424 | 18860 | [open_context_base.py:521] on_disconnect: Disconnected: conn=0(1) reason=CallClose

====================================================================================================================
[2] 数据体检
====================================================================================================================
  最后交易日: 2026-09-11   面板 2185 根 x 37 只
  按【交易日】计落后 0 个交易日 (日历日 1 天)
  候选池: 合格 37/37 只; 历史不足被剔除: 无
  ⚠ 近 30 日出现单日 >50% 暴涨: ['MRNA']
     Vortex 用 14 日窗口受影响小; 但动量类因子会把它当成趋势 -> 谨慎

====================================================================================================================
[3] 调仓日历
====================================================================================================================
  ⚡ 最新一根(2026-09-11)【就是调仓日】-> 下一个交易日 2026-09-14 开盘执行
  执行日: 2026-09-14  北京时间 21:30 开盘
  夏令时: 是(3/8-11/1, 21:30开盘)

====================================================================================================================
[4] 下单清单  净值 $1,490  汇率 6.7092
====================================================================================================================
  策略 Vortex Top2: META, BE

  标的               现价       目标金额     整股       整股金额       碎股股数        建议
  ------------------------------------------------------------------------
  META    $    648.03$       745      1$    648.03     1.1500      整股OK
  BE      $    275.75$       745      2$    551.50     2.7026      整股OK

  整股投入 $1,200 (占净值 80%), 闲置 $291
  佣金 卖 2x$2 + 买 2x$2 = $8 (占净值 0.54%)
  碎股方案: 每只按金额 $745 买入, 份额 META 1.1500股, BE 2.7026股

====================================================================================================================
[5] 换仓指令（最小换手，省佣金）
====================================================================================================================
  标的          动作          股数          金额        现持  备注
  ----------------------------------------------------------------------------
  META        买入      1.1500        $745    0.0000  
  BE          买入      2.7026        $745    0.0000  
  预计佣金 $4（首次建仓 方案）
  对比: 无脑全卖全买 = $8; 最小换手省下 $4

====================================================================================================================
[6] 执行须知 (实务约束)
====================================================================================================================
  1. 下单时点: 2026-09-14 北京时间 21:30 开盘
     回测成交价 = 开盘价; 夜盘(北京8:00-16:00)/盘前(16:00-21:30)流动性薄、价差大, 不要用
  2. 订单类型: 碎股通常只支持市价单; 整股可开盘价限价
  3. 现金账户 T+1: 卖出的钱要 T+1 才结算。同日'先卖后买'可能触发 Good Faith Violation
     -> 若是现金账户: 建议【先买后卖】(用未结算资金会被限), 或改为仅卖出/仅买入错开
  4. 闲置现金: 零头留在账户即可, 别硬凑第三只(Top3 多付佣金且历史回测更差)
  5. 汇率: 按 6.7092 折算; 人民币兑美元每升 1%, 折算回人民币少 1%

  已保存: signal_snapshot.json | 历史追加: signal_history.csv
