==================================================================================================================================
起始: 人民币 10,000 元  |  汇率 6.7092  |  折合美元 $1,490.49
持有期: 2026-09-12 -> 2026-12-31  =  76 个美股交易日
==================================================================================================================================

[1] 本金规模效应 (最低佣金 $1/笔 对小资金的拖累)
策略                            $1,490 本金 8.7年    $3,000 本金 8.7年          差异
----------------------------------------------------------------------------------------------------------------------------------
Vortex Top2                          +12059%           +12454%       -395pp
Vortex Top3                           +4921%            +5202%       -282pp
动量-1月反转 Top2                         +12753%           +13054%       -301pp
动量-1月反转 Top3                          +9796%           +10272%       -477pp
等权全买37只                               +1206%
VOO 指数                                 +249%

==================================================================================================================================
[2] 当前市场状态 (截至数据时点)
==================================================================================================================================
  数据最后交易日: 2026-09-10
  VOO 收盘 696.65 | MA200 653.89 | MA100 685.90
  -> 牛市 (在 200 日均线上方)  偏离 +6.5%
  VOO 近21日年化波动率 8.3%  (历史中位 13.4%)
  VOO 近1月 -1.7% | 近3月 +4.7% | 近1年 +17.9%
  37只宇宙 近1月: 中位 +2.8% | 上涨 23/37 只
  站上自身200日均线的个股: 22/37

==================================================================================================================================
[3] 持有 76 个交易日 的历史真实收益分布 (每 76 天一个窗口, 全样本滚动)
==================================================================================================================================
策略                            样本数      5%分位       25%        中位       75%     95%分位      为正概率
----------------------------------------------------------------------------------------------------------------------------------
Vortex Top2                  1856    -15.0%     +4.0%    +19.9%    +35.8%    +85.6%       81%
Vortex Top3                  1856    -18.5%     +3.2%    +16.8%    +29.3%    +69.9%       80%
动量-1月反转 Top2                 1856    -37.6%     -0.8%    +20.5%    +45.1%   +129.4%       74%
动量-1月反转 Top3                 1856    -31.3%     -2.4%    +18.0%    +48.2%   +107.7%       72%
等权全买37只                      1856    -18.7%     +0.0%    +10.9%    +24.3%    +43.0%       75%
VOO 指数                       1856    -10.5%     +0.8%     +6.3%     +9.8%    +16.4%       78%

--- 情景B: 只在【牛市起点】(VOO>200DMA) 的窗口, 匹配当前状态 ---
策略                            样本数      5%分位       25%        中位       75%     95%分位      为正概率
----------------------------------------------------------------------------------------------------------------------------------
Vortex Top2                  1497    -15.5%     +5.8%    +21.3%    +37.1%    +88.0%       82%
Vortex Top3                  1497    -20.0%     +3.8%    +17.4%    +28.8%    +69.1%       82%
动量-1月反转 Top2                 1497    -41.9%     -3.4%    +19.5%    +43.0%   +132.9%       72%
动量-1月反转 Top3                 1497    -35.9%     -4.8%    +17.7%    +47.1%   +109.5%       70%
等权全买37只                      1497    -19.6%     +1.0%    +10.8%    +23.0%    +37.6%       77%
VOO 指数                       1497    -10.9%     +1.7%     +6.3%     +9.2%    +13.9%       80%

--- 情景C: 只在【熊市或高波动起点】的窗口 (悲观情景) ---
策略                            样本数      5%分位       25%        中位       75%     95%分位      为正概率
----------------------------------------------------------------------------------------------------------------------------------
Vortex Top2                   773    -13.1%     +0.2%    +15.9%    +36.0%   +117.0%       76%
Vortex Top3                   773    -13.7%     +0.9%    +14.2%    +33.5%    +85.4%       77%
动量-1月反转 Top2                  773    -25.0%     -1.2%    +23.2%    +54.7%   +129.0%       74%
动量-1月反转 Top3                  773    -26.0%     -1.7%    +20.2%    +51.8%   +111.3%       73%
等权全买37只                       773    -20.2%     -6.8%    +14.0%    +28.7%    +48.9%       71%
VOO 指数                        773    -10.4%     -0.3%     +8.2%    +12.2%    +20.1%       74%

==================================================================================================================================
[4] 换算: 人民币 10,000 元起步, 到 2026-12-31 大概剩多少 (假设汇率不变 6.7092)
==================================================================================================================================

【全历史】不分牛熊
策略                                  悲观5%         较差25%         中位50%         较好75%         乐观95%      亏钱概率
----------------------------------------------------------------------------------------------------------------------------------
Vortex Top2                       8,501元       10,404元       11,990元       13,583元       18,558元       19%
Vortex Top3                       8,146元       10,321元       11,678元       12,928元       16,987元       20%
动量-1月反转 Top2                      6,237元        9,922元       12,049元       14,510元       22,943元       26%
动量-1月反转 Top3                      6,868元        9,765元       11,798元       14,823元       20,768元       28%
等权全买37只                           8,129元       10,004元       11,087元       12,429元       14,304元       25%
VOO 指数                            8,949元       10,082元       10,629元       10,982元       11,640元       22%

【情景B】起点在牛市 (VOO 在200日均线上方) —— 当前正是这种状态
策略                                  悲观5%         较差25%         中位50%         较好75%         乐观95%      亏钱概率
----------------------------------------------------------------------------------------------------------------------------------
Vortex Top2                       8,448元       10,580元       12,133元       13,714元       18,801元       18%
Vortex Top3                       7,999元       10,385元       11,743元       12,877元       16,912元       18%
动量-1月反转 Top2                      5,812元        9,660元       11,946元       14,302元       23,291元       28%
动量-1月反转 Top3                      6,406元        9,521元       11,767元       14,709元       20,953元       30%
等权全买37只                           8,036元       10,099元       11,077元       12,297元       13,762元       23%
VOO 指数                            8,911元       10,169元       10,629元       10,919元       11,389元       20%

【情景C】起点在熊市/高波动 —— 悲观情景
策略                                  悲观5%         较差25%         中位50%         较好75%         乐观95%      亏钱概率
----------------------------------------------------------------------------------------------------------------------------------
Vortex Top2                       8,691元       10,019元       11,586元       13,603元       21,701元       24%
Vortex Top3                       8,630元       10,092元       11,417元       13,350元       18,536元       23%
动量-1月反转 Top2                      7,497元        9,878元       12,320元       15,472元       22,903元       26%
动量-1月反转 Top3                      7,403元        9,834元       12,021元       15,178元       21,127元       27%
等权全买37只                           7,980元        9,320元       11,399元       12,866元       14,886元       29%
VOO 指数                            8,961元        9,968元       10,823元       11,219元       12,011元       26%

==================================================================================================================================
[5] 蒙特卡洛 (Block bootstrap, 块长21日, 20,000 次) —— 与滚动窗口互相验证
==================================================================================================================================
策略                                  5%         25%          中位         75%         95%      亏钱概率
----------------------------------------------------------------------------------------------------------------------------------
Vortex Top2                     7,915元     10,114元     11,962元     14,333元     19,147元       24%
Vortex Top3                     8,027元      9,994元     11,582元     13,494元     17,197元       25%
动量-1月反转 Top2                    6,965元      9,514元     11,863元     14,839元     21,107元       30%
动量-1月反转 Top3                    7,266元      9,732元     11,843元     14,530元     20,301元       28%

==================================================================================================================================
[6] 当前信号 (最近一期调仓) —— 用最新数据算出的选股
==================================================================================================================================
  Vortex Top2  [调仓日 2026-08-12]
     买入: MSFT(近1月-2%/近1年-0%), ORCL(近1月+5%/近1年-36%)
     按 $1,490 等权, 每只约 $745; 现价 MSFT=$492.44, ORCL=$152.94
  Vortex Top3  [调仓日 2026-08-12]
     买入: MSFT(近1月-2%/近1年-0%), ORCL(近1月+5%/近1年-36%), NOW(近1月+3%/近1年-30%)
     按 $1,490 等权, 每只约 $497; 现价 MSFT=$492.44, ORCL=$152.94, NOW=$131.17

  动量-1月反转 Top2  [调仓日 2026-08-12]
     买入: MU(近1月+13%/近1年+624%), BE(近1月+22%/近1年+370%)
     按 $1,490 等权, 每只约 $745; 现价 MU=$977.41, BE=$258.49
  动量-1月反转 Top3  [调仓日 2026-08-12]
     买入: MU(近1月+13%/近1年+624%), BE(近1月+22%/近1年+370%), INTC(近1月+3%/近1年+310%)
     按 $1,490 等权, 每只约 $497; 现价 MU=$977.41, BE=$258.49, INTC=$100.32

==================================================================================================================================
[7] 小资金成本测算 (76 个交易日 ≈ 4 次月度调仓)
==================================================================================================================================
  Top2: 每只约 $745 | 4次调仓 x 2只 x 买卖2笔 x $1 = $16 佣金 | 滑点 $6.0 | 合计 $22 = 本金 1.47%
  Top3: 每只约 $497 | 4次调仓 x 3只 x 买卖2笔 x $1 = $24 佣金 | 滑点 $6.0 | 合计 $30 = 本金 2.01%
  注: 若券商免佣金(如部分零佣), 可省下上表佣金部分; 但滑点无法避免。

SAVED _forecast_2026.json
