==========================================================================================================================================
调仓频率专题 | 本金 $1,490.49 (¥10,000 @ 6.7092) | 富途佣金 $2/笔 | 数据 2019-01-03 ~ 2026-09-11
基准: 等权全买37只 +1237% ($19,922) | VOO +252% ($5,240)
==========================================================================================================================================

[引擎自检] 顺序分配是否真的等权满仓 (闲置现金应≈0)
   Vortex Top2: 终值 $150,083 | 交易 346 笔 | 佣金 $692 | 佣金/本金 46.4%
   Vortex Top3: 终值 $64,921 | 交易 510 笔 | 佣金 $1020 | 佣金/本金 68.4%
   动量-1月反转 Top2: 终值 $177,518 | 交易 285 笔 | 佣金 $570 | 佣金/本金 38.2%
   动量-1月反转 Top3: 终值 $126,299 | 交易 395 笔 | 佣金 $790 | 佣金/本金 53.0%

==========================================================================================================================================
[1] 全频率扫描 — 本金 $1,490, Vortex Top2 (off=0)
==========================================================================================================================================
频率                调仓次数       full终值     fullsk终值        min终值       none终值      全额佣金$     佣金/本金    min回撤   min夏普
------------------------------------------------------------------------------------------------------------------------------------------
周频(5日)             387      $92,209     $104,138     $150,424     $179,348      3,092      207%   -41.3%    1.44
双周(10日)            194      $24,455      $24,455      $26,780      $39,621      1,548      104%   -53.7%    1.02
半月(15日)            129      $31,362      $31,362      $34,277      $43,073      1,028       69%   -44.6%    1.09
月频(21日)             93     $168,579     $168,579     $150,083     $197,518        732       49%   -46.6%    1.46
30日                 65      $14,058      $14,058      $13,722      $16,454        516       35%   -72.1%    0.85
双月(42日)             47      $61,047      $61,047      $64,668      $65,787        364       24%   -69.4%    1.20
季频(63日)             31      $26,471      $26,471      $27,075      $27,914        244       16%   -71.4%    0.98
84日                 24      $62,935      $62,935      $63,737      $66,604        180       12%   -63.9%    1.20
半年(126日)            16     $125,530     $125,530     $112,266     $128,266        124        8%   -57.1%    1.36
年频(252日)             8      $65,323      $65,323      $72,111      $66,212         60        4%   -53.9%    1.23

  同样对比 动量-1月反转 Top2:
频率                调仓次数       full终值     fullsk终值        min终值       none终值
------------------------------------------------------------------------------------------------------------------------------------------
周频(5日)             387      $11,799      $21,404      $31,570      $35,447
双周(10日)            194      $57,719      $64,911      $75,464      $76,143
半月(15日)            129      $76,382      $74,922      $86,192      $90,222
月频(21日)             93     $180,926     $184,030     $177,518     $202,250
30日                 65      $63,432      $66,554      $67,355      $72,550
双月(42日)             47      $34,313      $35,466      $37,394      $38,351
季频(63日)             31     $144,934     $142,415     $129,561     $150,846
84日                 24     $146,644     $153,683     $153,280     $151,906
半年(126日)            16     $106,132     $106,132     $117,954     $108,339
年频(252日)             8     $162,545     $162,545     $228,370     $164,089

==========================================================================================================================================
[2] 噪声检验 — 同一频率遍历所有起始偏移, 看终值分布 (Vortex Top2)
   若『频率之间的差异』小于『同频率内的偏移差』, 则频率效应是噪声
==========================================================================================================================================
频率                偏移数     零成本 p10         中位        p90       极差      最小换手 p10         中位        p90       极差
------------------------------------------------------------------------------------------------------------------------------------------
周频(5日)              5         16x        27x        97x     9.6x           10x        17x        83x    14.1x
双周(10日)            10         22x        59x       148x    21.1x           16x        45x       135x    40.3x
半月(15日)            15         17x        59x        84x     9.5x           12x        47x        71x    10.9x
月频(21日)            21          7x        38x        65x    25.8x            5x        33x        60x    24.4x
30日                21          5x        17x        83x    68.7x            4x        15x        76x    90.7x
双月(42日)            21          7x        18x        70x    14.4x            7x        17x        63x    14.7x
季频(63日)            21          9x        19x       102x    40.3x            8x        18x        97x    41.1x
84日                21          7x        24x        48x    13.5x            7x        23x        46x    14.2x
半年(126日)           21          7x        16x        44x    15.1x            7x        16x        47x    16.0x
年频(252日)           21          5x        18x        28x    24.4x            5x        18x        29x    24.8x

  [2a] 方差分解 — 等样本量(每频率21个偏移, 5/10/15日受限于偏移总数):
       把 log10(终值/本金) 的总变异拆成『频率之间』与『频率内部(相位/运气)』
     none  样本 147 个 (频率: 月频(21日), 30日, 双月(42日), 季频(63日), 84日, 半年(126日), 年频(252日)) | 频率可解释 6.7% | 频率内部(相位) 93.3%
     min   样本 147 个 (频率: 月频(21日), 30日, 双月(42日), 季频(63日), 84日, 半年(126日), 年频(252日)) | 频率可解释 4.4% | 频率内部(相位) 95.6%

  [2b] 各频率 vs 21天 (最小换手) — 中位数与秩和检验(Mann-Whitney正态近似):
频率                  中位倍数    vs 21天       p值                        结论
------------------------------------------------------------------------------------------------------------------------------------------
周频(5日)               17x     0.51x    0.922                     无显著差异
双周(10日)              45x     1.36x    0.353                     无显著差异
半月(15日)              47x     1.40x    0.328                     无显著差异
月频(21日)              33x     1.00x    1.000                     无显著差异
30日                  15x     0.45x    0.443                     无显著差异
双月(42日)              17x     0.52x    0.285                     无显著差异
季频(63日)              18x     0.55x    0.242                     无显著差异
84日                  23x     0.69x    0.195                     无显著差异
半年(126日)             16x     0.47x    0.085                     无显著差异
年频(252日)             18x     0.54x    0.016                        显著

==========================================================================================================================================
[2c] 日历口径对照 — 21个交易日会相对自然月漂移, 换成真实月末/月初会怎样?
==========================================================================================================================================
调仓口径                     调仓次数        最小换手终值       回撤      夏普         满换手终值    CAGR
------------------------------------------------------------------------------------------------------------------------------------------
21交易日(当前口径)                93      $150,083   -46.6%    1.46      $168,579   82.4%
日历月末                       93       $73,781   -55.7%    1.25       $70,047   66.3%
日历月初                       93       $64,041   -49.5%    1.25       $65,342   63.3%
日历季末                       31       $88,581   -59.1%    1.14       $87,457   70.3%

==========================================================================================================================================
[3] 成本分解 — 降低频率能省多少? 不同本金下频率的可行性 (Vortex Top2, 满换手口径)
==========================================================================================================================================
频率                 8.7年调仓次数      每次满换手$          $1,490          $3,000         $10,000         $30,000
                                                 总佣金占本金          总佣金占本金          总佣金占本金          总佣金占本金
------------------------------------------------------------------------------------------------------------------------------------------
周频(5日)                  387          $8            208%            103%             31%             10%
双周(10日)                 194          $8            104%             52%             16%              5%
半月(15日)                 129          $8             69%             34%             10%              3%
月频(21日)                  93          $8             50%             25%              7%              2%
30日                      65          $8             35%             17%              5%              2%
双月(42日)                  47          $8             25%             13%              4%              1%
季频(63日)                  31          $8             17%              8%              2%              1%
84日                      24          $8             13%              6%              2%              1%
半年(126日)                 16          $8              9%              4%              1%              0%
年频(252日)                  8          $8              4%              2%              1%              0%

  76 个交易日 (=你到年底的持有期) 内的调仓次数与成本 (本金 $1,490):
频率                 76天内调仓       满换手佣金      占本金        最小换手佣金      占本金
------------------------------------------------------------------------------------------------------------------------------------------
周频(5日)                 15        120$    8.05%           60$    4.03%
双周(10日)                 7         56$    3.76%           28$    1.88%
半月(15日)                 5         40$    2.68%           20$    1.34%
月频(21日)                 3         24$    1.61%           12$    0.81%
30日                     2         16$    1.07%            8$    0.54%
双月(42日)                 1          8$    0.54%            4$    0.27%
季频(63日)                 1          8$    0.54%            4$    0.27%
84日                     0          0$    0.00%            0$    0.00%
半年(126日)                0          0$    0.00%            0$    0.00%
年频(252日)                0          0$    0.00%            0$    0.00%

==========================================================================================================================================
[4] 集中度检验 — 剔掉最好的10个持有期后还剩多少? (Vortex Top2, 最小换手, offset=0)
==========================================================================================================================================
频率                 持有期数          原终值        剔10期后      保留比例      单期最大      单期平均
------------------------------------------------------------------------------------------------------------------------------------------
周频(5日)              386     $150,424      $16,359       11%     40.4%     1.45%
双周(10日)             193      $26,780       $2,619       10%     54.8%     1.94%
半月(15日)             128      $34,277       $3,579       10%     31.7%     3.06%
月频(21日)              92     $150,083       $5,030        3%     81.4%     6.27%
30日                  64      $13,722         $908        7%     59.7%     4.73%
双月(42日)              46      $64,668       $2,702        4%    100.1%    10.33%
季频(63日)              30      $27,075         $733        3%    104.6%    13.54%
84日                  23      $63,737       $1,303        2%    115.4%    22.26%
半年(126日)             15     $112,266       $1,182        1%    137.0%    40.26%
年频(252日)              7      $72,111       $1,490        2%    394.0%    82.98%

==========================================================================================================================================
[5] 为什么不能更快? — 选股重合度与信号自然周期 (Vortex Top2, 直接按日历算选股)
==========================================================================================================================================
频率                 调仓次数      两选股全同      全同比例       每期平均换掉       仅换1只的比例       满换手笔数        最小换手笔数       省下
------------------------------------------------------------------------------------------------------------------------------------------
周频(5日)              387         38       10%        1.30只           51%        1544          1000   1,088
双周(10日)             194          0        0%        1.74只           26%         772           670     204
半月(15日)             129          0        0%        1.91只            9%         512           490      44
月频(21日)              93          0        0%        1.87只           13%         368           344      48
30日                  65          0        0%        1.91只            9%         256           244      24
双月(42日)              47          0        0%        1.87只           13%         184           172      24
季频(63日)              31          0        0%        1.90只           10%         120           114      12
84日                  24          0        0%        1.96只            4%          92            90       4
半年(126日)             16          0        0%        1.73只           27%          60            52      16
年频(252日)              8          0        0%        1.86只           14%          28            26       4

==========================================================================================================================================
[6] 稳健性 — 换持股数 (最小换手口径, 本金 $1,490)
==========================================================================================================================================
频率                      Top1          Top2          Top3          Top4
------------------------------------------------------------------------------------------------------------------------------------------
周频(5日)               $36,813      $150,424       $33,992       $15,045
双周(10日)              $22,357       $26,780        $8,086        $7,299
半月(15日)              $12,096       $34,277       $18,613       $16,379
月频(21日)              $24,369      $150,083       $64,921       $21,397
30日                   $5,534       $13,722       $11,234       $11,932
双月(42日)              $22,447       $64,668       $41,863       $22,474
季频(63日)              $10,198       $27,075       $22,275       $20,440
84日                  $59,941       $63,737       $26,503       $22,219
半年(126日)             $88,307      $112,266       $99,129       $77,022
年频(252日)             $24,421       $72,111       $78,528       $35,862

SAVED _rebal_freq_v21.json
