==============================================================================================================================
[1] 价格口径澄清
==============================================================================================================================
  本地数据最后交易日: 2026-09-10  (今天 2026-09-12 是周六, 美股已收 9/11 周五)
  META   9/10 收盘 $644.38 | 9/10 开盘 $653.71
  BE     9/10 收盘 $258.49 | 9/10 开盘 $260.71

  -> 报告里的 $644.38 / $258.49 是【9/10 收盘价】。
     9/14 周一的开盘价现在还没发生, 会受 9/11 行情 + 周末消息 + 9/16 FOMC 预期影响。
     回测引擎的成交价就是次日【开盘价】, 不是信号日收盘价 —— 这一点回测已经正确建模。

==============================================================================================================================
[2] 跳空有多大? 信号日(T)收盘 -> 执行日(T+1)开盘 的历史统计
==============================================================================================================================
  跳空 = (次日开盘 / 当日收盘 - 1)

  【全市场全样本】共 73,771 个观测
       1% 分位: -5.85%
       5% 分位: -2.67%
      25% 分位: -0.67%
       中位 分位: +0.09%
      75% 分位: +0.84%
      95% 分位: +2.97%
      99% 分位: +6.58%
     均值 +0.113% | 标准差 2.18%

  【只在调仓日发生、且是策略实际买入的票】——这才是你会真实承担的
  Vortex           样本  182 | 5% -3.59% | 25% -0.63% | 中位 +0.28% | 75% +1.15% | 95% +3.75% | 均值 +0.237%
  动量-1月反转          样本  182 | 5% -3.14% | 25% -0.79% | 中位 +0.42% | 75% +1.86% | 95% +5.50% | 均值 +0.616%

  解读: 中位跳空接近 0, 说明【平均而言开盘价≈前一日收盘价】,
        但个股单日跳空是双向的, 95% 分位可达 ±3~5%。这是你真实承担的成交价不确定性。

==============================================================================================================================
[3] 从 OpenD 拉最新数据 (9/11), 用最新数据重算 9/14 该买什么
==============================================================================================================================
2026-09-12 02:22:32,034 | 17272 | 6416 | [open_context_base.py:411] _init_connect_sync: New connect ready: conn=7504242994715164344(1) context=<futu.quote.open_quote_context.OpenQuoteContext object at 0x0000020218E89280>
  QUOTA_REMAINING = 10
  拉取成功 38/38 只
  最新可獲数据日期: 2026-09-11
2026-09-12 02:22:47,836 | 17272 | 17988 | [open_context_base.py:521] on_disconnect: Disconnected: conn=0(1) reason=CallClose
  已合并写入 38 个 CSV

  重算基准日: 2026-09-11  (全历史 2185 根)

策略                  选股                               最新收盘价        每只预算        碎股股数
------------------------------------------------------------------------------------------------------------------------------
  Vortex Top2       META,BE                              $648.38,$274.45$        745       1.149,2.715
  Vortex Top3       META,BE,DELL                 $648.38,$274.45,$560.57$        497 0.766,1.810,0.886
  动量-1月反转 Top2      MU,LITE                              $975.10,$928.77$        745       0.764,0.802
  动量-1月反转 Top3      MU,LITE,COHR                 $975.10,$928.77,$304.54$        497 0.510,0.535,1.631

  对比 9/10 的信号是否变化:
    Vortex Top2: 2026-09-10 -> ['META', 'BE']    |    2026-09-11 -> ['META', 'BE']   （未变）
    动量-1月反转 Top2: 2026-09-10 -> ['MU', 'LITE']    |    2026-09-11 -> ['MU', 'LITE']   （未变）
