====================================================================================================================
面板 ffill 策略对比: 无限填充(旧)  vs  limit=10(新)
====================================================================================================================
  旧(无限ffill): 面板 (2185, 37), 收盘 NaN 8.66%
  新(limit=10): 面板 (2185, 37), 收盘 NaN 8.66%

====================================================================================================================
影响 1: 历史上每个调仓日选出的 Top2 是否相同
====================================================================================================================
  Vortex: 93 个调仓日中【0】个选股不同 (0.0%)
  动量-1月反转: 93 个调仓日中【0】个选股不同 (0.0%)

====================================================================================================================
影响 2: 8.7 年回测终值 (Top2 等权, 碎股, 佣金 $2/笔)
====================================================================================================================
  Vortex:
     旧面板 终值 $242,232  (+7974%)
     新面板 终值 $242,232  (+7974%)
     等权基准 $21,407  (+614%)
  动量-1月反转:
     旧面板 终值 $180,998  (+5933%)
     新面板 终值 $180,998  (+5933%)
     等权基准 $21,407  (+614%)

====================================================================================================================
影响 3: 单日跳空 >50% 的票, 之后 1 个月是否被策略选中过
====================================================================================================================
  全样本单日 >50% 共 4 次
     2021-08-04 HOOD    +50%
     2022-03-16 PDD     +56%
     2024-11-15 BE      +59%
     2026-08-19 MRNA    +177%
