
====================================================================================================================
[2] 数据体检
====================================================================================================================
  最后交易日: 2026-09-11   面板 2185 根 x 37 只
  按【交易日】计落后 0 个交易日 (日历日 1 天)
  候选池: 合格 37/37 只; 历史不足被剔除: 无
  ⚠ 近 30 日出现单日 >50% 暴涨: ['MRNA']
     Vortex 用 14 日窗口受影响小; 但动量类因子会把它当成趋势 -> 谨慎

====================================================================================================================
[3] 调仓日历
====================================================================================================================
  ⚡ 最新一根(2026-09-11)【就是调仓日】-> 下一个交易日 2026-09-14 开盘执行
  执行日: 2026-09-14  北京时间 21:30 开盘
  夏令时: 是(3/8-11/1, 21:30开盘)

  ❌ 持仓中有不在标的池的代码: ['APPL']
     拼错代码会让它的市值按 0 计 -> 净值被低估 -> 目标股数全错。请修正后重跑。

====================================================================================================================
[4] 下单清单  净值 $745  汇率 6.7092
====================================================================================================================
  策略 Vortex Top2: META, BE

  标的               现价       目标金额     整股       整股金额       碎股股数        建议
  ------------------------------------------------------------------------
  META    $    648.03$       373      0$      0.00     0.5750        碎股
  BE      $    275.75$       373      1$    275.75     1.3513      整股OK

  整股投入 $276 (占净值 37%), 闲置 $469
  佣金 卖 2x$2 + 买 2x$2 = $8 (占净值 1.07%)
  ❌ 整股买不动 -> 必须用碎股(富途支持按金额下单), 否则 63% 本金空转
  碎股方案: 每只按金额 $373 买入, 份额 META 0.5750股, BE 1.3513股

====================================================================================================================
[5] 换仓指令（最小换手，省佣金）
====================================================================================================================
  当前持仓市值 $745
     APPL      3.0000股  现价 $     0.00  市值 $        0  盈亏        -
     META      1.1500股  现价 $   648.03  市值 $      745  盈亏        -
  标的          动作          股数          金额        现持  备注
  ----------------------------------------------------------------------------
  META        卖出     -0.5750        $373    1.1500  减仓
  BE          买入      1.3513        $373    0.0000  
  预计佣金 $4（最小换手 方案）
  对比: 无脑全卖全买 = $8; 最小换手省下 $4

====================================================================================================================
[6] 执行须知 (实务约束)
====================================================================================================================
  1. 下单时点: 2026-09-14 北京时间 21:30 开盘
     回测成交价 = 开盘价; 夜盘(北京8:00-16:00)/盘前(16:00-21:30)流动性薄、价差大, 不要用
  2. 订单类型: 碎股通常只支持市价单; 整股可开盘价限价
  3. 现金账户 T+1: 卖出的钱要 T+1 才结算。同日'先卖后买'可能触发 Good Faith Violation
     -> 若是现金账户: 建议【先买后卖】(用未结算资金会被限), 或改为仅卖出/仅买入错开
  4. 闲置现金: 零头留在账户即可, 别硬凑第三只(Top3 多付佣金且历史回测更差)
  5. 汇率: 按 6.7092 折算; 人民币兑美元每升 1%, 折算回人民币少 1%

  已保存: signal_snapshot.json | 历史追加: signal_history.csv
