==============================================================================================================
独立均线/其他系统对照 · 区间 2018-01-02 ~ 2026-09-10  (2184 交易日)  起点 $3000
VOO 买入持有: $9685 (+222.8%)  | VOO 200DMA择时(空仓): $6943 (+131.4%)
==============================================================================================================

### [均线] MA50距离 Top2 月频
  终值 $68889 | 总收益 2196.3% | 年化和 43.6% | 活跃年化 50.5% | 夏普 1.01 | 最大回撤 -67.7%
  首笔交易: 2019-01-03
  阶段            类型          策略%     VOO%        阶段最大回撤%
  2018牛市(至顶)    bull        0.0     10.2            0.0
  2018回落(熊)     bear        0.0    -19.4            0.0
  2019-20.2牛市   bull      136.7     38.0          -24.8
  2020崩盘(熊)     bear      -28.6    -34.0          -33.2
  2020-21牛市     bull      423.6    100.5          -34.8
  2022熊市(熊)     bear      -47.7    -24.5          -48.4
  2023-26牛市     bull      473.9    108.7          -49.3

### [均线] MA200距离 Top2 月频
  终值 $54848 | 总收益 1728.3% | 年化和 39.8% | 活跃年化 46.1% | 夏普 0.94 | 最大回撤 -79.1%
  首笔交易: 2019-01-03
  阶段            类型          策略%     VOO%        阶段最大回撤%
  2018牛市(至顶)    bull        0.0     10.2            0.0
  2018回落(熊)     bear        0.0    -19.4            0.0
  2019-20.2牛市   bull       87.2     38.0          -21.8
  2020崩盘(熊)     bear      -33.3    -34.0          -33.8
  2020-21牛市     bull      293.1    100.5          -44.7
  2022熊市(熊)     bear      -59.7    -24.5          -59.7
  2023-26牛市     bull     1020.0    108.7          -40.2

### [均线] MA50距离 Top3 月频
  终值 $43523 | 总收益 1350.8% | 年化和 36.2% | 活跃年化 41.8% | 夏普 1.0 | 最大回撤 -64.4%
  首笔交易: 2019-01-03
  阶段            类型          策略%     VOO%        阶段最大回撤%
  2018牛市(至顶)    bull        0.0     10.2            0.0
  2018回落(熊)     bear        0.0    -19.4            0.0
  2019-20.2牛市   bull       89.4     38.0          -20.3
  2020崩盘(熊)     bear      -28.9    -34.0          -29.1
  2020-21牛市     bull      283.4    100.5          -30.8
  2022熊市(熊)     bear      -47.4    -24.5          -47.7
  2023-26牛市     bull      486.5    108.7          -44.4

### [均线] MA50距离 Top2 +200DMA过滤
  终值 $45002 | 总收益 1400.1% | 年化和 36.7% | 活跃年化 42.9% | 夏普 0.97 | 最大回撤 -49.6%
  首笔交易: 2019-02-04
  阶段            类型          策略%     VOO%        阶段最大回撤%
  2018牛市(至顶)    bull        0.0     10.2            0.0
  2018回落(熊)     bear        0.0    -19.4            0.0
  2019-20.2牛市   bull       89.7     38.0          -25.7
  2020崩盘(熊)     bear      -23.3    -34.0          -23.3
  2020-21牛市     bull      204.9    100.5          -34.8
  2022熊市(熊)     bear      -21.6    -24.5          -22.1
  2023-26牛市     bull      325.1    108.7          -35.6

### [均线] MA50距离 Top2 +200DMA过滤(熊持VOO)
  终值 $62830 | 总收益 1995.4% | 年化和 42.1% | 活跃年化 47.9% | 夏普 1.03 | 最大回撤 -48.1%
  首笔交易: 2019-02-04
  阶段            类型          策略%     VOO%        阶段最大回撤%
  2018牛市(至顶)    bull        9.5     10.2           -9.5
  2018回落(熊)     bear      -14.4    -19.4          -14.4
  2019-20.2牛市   bull      112.2     38.0          -23.4
  2020崩盘(熊)     bear      -38.0    -34.0          -38.0
  2020-21牛市     bull      278.1    100.5          -34.7
  2022熊市(熊)     bear      -32.0    -24.5          -32.4
  2023-26牛市     bull      409.5    108.7          -42.1

### [均线] 金叉状态+MA50距离 Top2 月频
  终值 $99740 | 总收益 3224.7% | 年化和 49.8% | 活跃年化 58.0% | 夏普 1.13 | 最大回撤 -57.6%
  首笔交易: 2019-01-03
  阶段            类型          策略%     VOO%        阶段最大回撤%
  2018牛市(至顶)    bull        0.0     10.2            0.0
  2018回落(熊)     bear        0.0    -19.4            0.0
  2019-20.2牛市   bull       87.6     38.0          -20.5
  2020崩盘(熊)     bear      -23.4    -34.0          -28.2
  2020-21牛市     bull      527.0    100.5          -32.7
  2022熊市(熊)     bear      -45.9    -24.5          -46.7
  2023-26牛市     bull      531.9    108.7          -45.0

### [均线] MA200斜率 Top2 月频
  终值 $130172 | 总收益 4239.1% | 年化和 54.5% | 活跃年化 63.5% | 夏普 1.14 | 最大回撤 -67.4%
  首笔交易: 2019-01-03
  阶段            类型          策略%     VOO%        阶段最大回撤%
  2018牛市(至顶)    bull        0.0     10.2            0.0
  2018回落(熊)     bear        0.0    -19.4            0.0
  2019-20.2牛市   bull       83.0     38.0          -15.2
  2020崩盘(熊)     bear      -35.0    -34.0          -40.4
  2020-21牛市     bull      252.4    100.5          -44.7
  2022熊市(熊)     bear      -48.3    -24.5          -48.3
  2023-26牛市     bull     1313.4    108.7          -34.7

### [趋势组合] 持有所有>MA200等权 月频
  终值 $2562 | 总收益 -14.6% | 年化和 -1.8% | 活跃年化 -2.0% | 夏普 -0.05 | 最大回撤 -60.2%
  首笔交易: 2019-02-04
  阶段            类型          策略%     VOO%        阶段最大回撤%
  2018牛市(至顶)    bull        0.0     10.2            0.0
  2018回落(熊)     bear        0.0    -19.4            0.0
  2019-20.2牛市   bull        4.2     38.0          -10.6
  2020崩盘(熊)     bear      -17.4    -34.0          -18.3
  2020-21牛市     bull       36.7    100.5           -8.9
  2022熊市(熊)     bear      -54.9    -24.5          -55.0
  2023-26牛市     bull       48.0    108.7          -10.9

### [趋势组合] 持有所有金叉个股等权 月频
  终值 $8661 | 总收益 188.7% | 年化和 13.0% | 活跃年化 14.9% | 夏普 0.79 | 最大回撤 -40.3%
  首笔交易: 2019-01-03
  阶段            类型          策略%     VOO%        阶段最大回撤%
  2018牛市(至顶)    bull        0.0     10.2            0.0
  2018回落(熊)     bear        0.0    -19.4            0.0
  2019-20.2牛市   bull       15.2     38.0          -10.6
  2020崩盘(熊)     bear      -17.3    -34.0          -18.9
  2020-21牛市     bull       44.0    100.5           -8.8
  2022熊市(熊)     bear      -32.1    -24.5          -36.7
  2023-26牛市     bull      158.2    108.7          -15.3

### [趋势组合] >MA200等权 +200DMA(熊持VOO)
  终值 $5421 | 总收益 80.8% | 年化和 7.1% | 活跃年化 7.1% | 夏普 0.47 | 最大回撤 -30.9%
  首笔交易: 2019-02-04
  阶段            类型          策略%     VOO%        阶段最大回撤%
  2018牛市(至顶)    bull        9.5     10.2           -9.5
  2018回落(熊)     bear      -14.4    -19.4          -14.4
  2019-20.2牛市   bull       14.8     38.0           -9.9
  2020崩盘(熊)     bear      -26.8    -34.0          -26.8
  2020-21牛市     bull       41.6    100.5           -9.2
  2022熊市(熊)     bear      -26.0    -24.5          -26.0
  2023-26牛市     bull       76.5    108.7          -17.3

### [均线] 金叉+MA50距离 Top2 +15%止损+200DMA(熊持VOO)
  终值 $29726 | 总收益 891.4% | 年化和 30.3% | 活跃年化 34.0% | 夏普 0.9 | 最大回撤 -43.4%
  首笔交易: 2019-02-04
  阶段            类型          策略%     VOO%        阶段最大回撤%
  2018牛市(至顶)    bull        9.5     10.2           -9.5
  2018回落(熊)     bear      -14.4    -19.4          -14.4
  2019-20.2牛市   bull       56.6     38.0          -18.3
  2020崩盘(熊)     bear      -22.2    -34.0          -25.6
  2020-21牛市     bull      250.9    100.5          -21.9
  2022熊市(熊)     bear      -36.1    -24.5          -36.5
  2023-26牛市     bull      198.0    108.7          -36.7

### [均线] MA50距离 Top2 +15%止损+200DMA(熊持VOO)
  终值 $29861 | 总收益 895.9% | 年化和 30.4% | 活跃年化 34.0% | 夏普 0.9 | 最大回撤 -45.7%
  首笔交易: 2019-02-04
  阶段            类型          策略%     VOO%        阶段最大回撤%
  2018牛市(至顶)    bull        9.5     10.2           -9.5
  2018回落(熊)     bear      -14.4    -19.4          -14.4
  2019-20.2牛市   bull       64.0     38.0          -27.1
  2020崩盘(熊)     bear      -24.2    -34.0          -25.2
  2020-21牛市     bull      212.5    100.5          -21.7
  2022熊市(熊)     bear      -31.8    -24.5          -32.3
  2023-26牛市     bull      209.4    108.7          -34.1

### [其他] 突破(Donchian55距离) Top2 月频
  终值 $22522 | 总收益 650.7% | 年化和 26.2% | 活跃年化 30.1% | 夏普 0.91 | 最大回撤 -41.1%
  首笔交易: 2019-01-03
  阶段            类型          策略%     VOO%        阶段最大回撤%
  2018牛市(至顶)    bull        0.0     10.2            0.0
  2018回落(熊)     bear        0.0    -19.4            0.0
  2019-20.2牛市   bull       45.6     38.0          -11.3
  2020崩盘(熊)     bear      -21.4    -34.0          -21.4
  2020-21牛市     bull      311.9    100.5          -14.7
  2022熊市(熊)     bear      -25.6    -24.5          -26.7
  2023-26牛市     bull      144.0    108.7          -32.6

### [其他] 双动量(12-1 + 个股MA200门) Top2
  终值 $47725 | 总收益 1490.8% | 年化和 37.6% | 活跃年化 44.0% | 夏普 0.92 | 最大回撤 -80.9%
  首笔交易: 2019-02-04
  阶段            类型          策略%     VOO%        阶段最大回撤%
  2018牛市(至顶)    bull        0.0     10.2            0.0
  2018回落(熊)     bear        0.0    -19.4            0.0
  2019-20.2牛市   bull       49.2     38.0          -15.0
  2020崩盘(熊)     bear      -32.9    -34.0          -38.4
  2020-21牛市     bull      179.9    100.5          -46.6
  2022熊市(熊)     bear      -62.0    -24.5          -62.0
  2023-26牛市     bull     1068.0    108.7          -37.1

### [基准] 经典12-1 Top2 +15%止损+200DMA(熊持VOO)
  终值 $27897 | 总收益 830.3% | 年化和 29.4% | 活跃年化 32.8% | 夏普 0.88 | 最大回撤 -68.7%
  首笔交易: 2019-02-04
  阶段            类型          策略%     VOO%        阶段最大回撤%
  2018牛市(至顶)    bull        9.5     10.2           -9.5
  2018回落(熊)     bear      -14.4    -19.4          -14.4
  2019-20.2牛市   bull       43.6     38.0          -18.3
  2020崩盘(熊)     bear      -30.2    -34.0          -30.2
  2020-21牛市     bull      113.5    100.5          -46.8
  2022熊市(熊)     bear      -36.6    -24.5          -36.6
  2023-26牛市     bull      468.4    108.7          -31.6

### [基准] 经典12-1动量 Top2 月频 无止损
  终值 $92023 | 总收益 2967.4% | 年化和 48.4% | 活跃年化 56.3% | 夏普 1.08 | 最大回撤 -70.7%
  首笔交易: 2019-01-03
  阶段            类型          策略%     VOO%        阶段最大回撤%
  2018牛市(至顶)    bull        0.0     10.2            0.0
  2018回落(熊)     bear        0.0    -19.4            0.0
  2019-20.2牛市   bull       83.3     38.0          -15.0
  2020崩盘(熊)     bear      -32.8    -34.0          -38.3
  2020-21牛市     bull      196.9    100.5          -43.5
  2022熊市(熊)     bear      -41.6    -24.5          -41.6
  2023-26牛市     bull     1196.4    108.7          -37.4

SAVED c:/Users/sailor/WorkBuddy/2026-09-11-09-02-22\_ma_results.json
