面板 2185 行 x 37 列   首 2018-01-02  末 2026-09-11

======================================================================================================================
[1] 各标的真实历史覆盖（未 ffill）
======================================================================================================================
标的               首个有效日      有效根数         最后有效日      缺口数     缺口%
----------------------------------------------------------------------------------------------------------------------
TEM         2024-06-14       562    2026-09-11     1623   74.3%  ⚠ 短历史
CRDO        2022-01-27      1160    2026-09-11     1025   46.9%  ⚠ 短历史
HOOD        2021-07-29      1286    2026-09-11      899   41.1%  ⚠ 短历史
COIN        2021-04-14      1360    2026-09-11      825   37.8%  ⚠ 短历史
RKLB        2020-11-24      1455    2026-09-11      730   33.4%  ⚠ 短历史
PLTR        2020-09-30      1494    2026-09-11      691   31.6%  ⚠ 短历史
FUTU        2019-03-08      1889    2026-09-11      296   13.5%  ⚠ 短历史
DELL        2018-12-28      1936    2026-09-11      249   11.4%  ⚠ 短历史
MRNA        2018-12-07      1950    2026-09-11      235   10.8%  ⚠ 短历史
VRT         2018-07-30      2041    2026-09-11      144    6.6%
PDD         2018-07-26      2043    2026-09-11      142    6.5%
BE          2018-07-25      2044    2026-09-11      141    6.5%
AAPL        2018-01-02      2185    2026-09-11        0    0.0%
MU          2018-01-02      2185    2026-09-11        0    0.0%
ORCL        2018-01-02      2185    2026-09-11        0    0.0%
NVDA        2018-01-02      2185    2026-09-11        0    0.0%
TSLA        2018-01-02      2185    2026-09-11        0    0.0%
INTC        2018-01-02      2185    2026-09-11        0    0.0%
TSM         2018-01-02      2185    2026-09-11        0    0.0%
META        2018-01-02      2185    2026-09-11        0    0.0%
GOOG        2018-01-02      2185    2026-09-11        0    0.0%
AVGO        2018-01-02      2185    2026-09-11        0    0.0%
LITE        2018-01-02      2185    2026-09-11        0    0.0%
AMD         2018-01-02      2185    2026-09-11        0    0.0%
GOOGL       2018-01-02      2185    2026-09-11        0    0.0%
MRVL        2018-01-02      2185    2026-09-11        0    0.0%
ADBE        2018-01-02      2185    2026-09-11        0    0.0%
BABA        2018-01-02      2185    2026-09-11        0    0.0%
MSTR        2018-01-02      2185    2026-09-11        0    0.0%
MSFT        2018-01-02      2185    2026-09-11        0    0.0%
GLW         2018-01-02      2185    2026-09-11        0    0.0%
AMZN        2018-01-02      2185    2026-09-11        0    0.0%
COHR        2018-01-02      2185    2026-09-11        0    0.0%
QCOM        2018-01-02      2185    2026-09-11        0    0.0%
NKE         2018-01-02      2185    2026-09-11        0    0.0%
NOK         2018-01-02      2185    2026-09-11        0    0.0%
NOW         2018-01-02      2185    2026-09-11        0    0.0%

短历史标的（覆盖 <90%）: 9 只 -> ['TEM', 'CRDO', 'HOOD', 'COIN', 'RKLB', 'PLTR', 'FUTU', 'DELL', 'MRNA']

======================================================================================================================
[2] ffill 补齐后的「假平稳段」（会让动量/波动率失真）
======================================================================================================================
  RKLB     自 2020-11-24 起连续 1 根价格不变
  VRT      自 2018-07-30 起连续 1 根价格不变

======================================================================================================================
[3] 单日 >50% 跳变明细
======================================================================================================================
  2021-08-04  HOOD    46.80 -> 70.39 (+50.4%)  当日 O=54.45 H=85.00 L=54.40
  2022-03-16  PDD     27.31 -> 42.62 (+56.1%)  当日 O=37.12 H=42.97 L=35.64
  2024-11-15  BE      13.28 -> 21.14 (+59.2%)  当日 O=20.95 H=22.50 L=17.80
  2026-08-19  MRNA    62.96 -> 174.38 (+177.0%)  当日 O=116.02 H=176.66 L=114.46

======================================================================================================================
[4] 当前候选池健康度: Vortex 排名前 10
======================================================================================================================
排名   标的          Vortex      有效根数      252日动量          现价
----------------------------------------------------------------------------------------------------------------------
1    META         0.600      2185        -13%      649.92
2    BE           0.535      2044        337%      275.30
3    DELL         0.467      1936        357%      561.15
4    QCOM         0.403      2185         18%      183.72
5    AAPL         0.392      2185         47%      332.85
6    AMD          0.265      2185        225%      517.87
7    INTC         0.249      2185        318%      103.56
8    GLW          0.249      2185        125%      166.79
9    MSFT         0.247      2185         -0%      495.89
10   ORCL         0.242      2185        -53%      151.47

======================================================================================================================
[5] 加「历史覆盖闸门」后信号是否变化
======================================================================================================================
  合格 28/37; 被剔除: ['PLTR', 'RKLB', 'HOOD', 'DELL', 'COIN', 'CRDO', 'FUTU', 'MRNA', 'TEM']
  Vortex Top2:  原 ['META', 'BE']  ->  闸门后 ['META', 'BE']   （未变）
