
====================================================================================================================
[2] 数据体检
====================================================================================================================
  最后交易日: 2026-09-11   面板 2185 根 x 37 只
  按【交易日】计落后 0 个交易日 (日历日 1 天)
  候选池: 合格 37/37 只; 历史不足被剔除: 无
  ⚠ 近 30 日出现单日 >50% 暴涨: ['MRNA']
     Vortex 用 14 日窗口受影响小; 但动量类因子会把它当成趋势 -> 谨慎

====================================================================================================================
[3] 调仓日历
====================================================================================================================
  ⚡ 最新一根(2026-09-11)【就是调仓日】-> 下一个交易日 2026-09-14 开盘执行
  执行日: 2026-09-14  北京时间 21:30 开盘
  夏令时: 是(3/8-11/1, 21:30开盘)

====================================================================================================================
[4] 下单清单  本金 $1,490  汇率 6.7092
====================================================================================================================
  策略 Vortex Top2: META, BE

  标的               现价         预算     整股       整股金额       碎股股数        建议
  ------------------------------------------------------------------------
  META    $    649.92$       745      1$    649.92     1.1467      整股OK
  BE      $    275.30$       745      2$    550.60     2.7070      整股OK

  整股投入 $1,201 (占本金 81%), 闲置 $290
  佣金 卖 2x$2 + 买 2x$2 = $8 (占本金 0.54%)
  碎股方案: 每只按金额 $745 买入, 份额 META 1.1467股, BE 2.7070股

====================================================================================================================
[5] 换仓指令
====================================================================================================================
  上期(2026-08-12): ['MSFT', 'ORCL']
  本期(2026-09-11): ['META', 'BE']
  -> 卖出 ['MSFT', 'ORCL']; 买入 ['META', 'BE']   佣金 $8

  【你的实际持仓】
    市值 $1,201   META 1.0股 $650   BE 2.0股 $551

====================================================================================================================
[6] 执行须知 (实务约束)
====================================================================================================================
  1. 下单时点: 2026-09-14 北京时间 21:30 开盘
     回测成交价 = 开盘价; 夜盘(北京8:00-16:00)/盘前(16:00-21:30)流动性薄、价差大, 不要用
  2. 订单类型: 碎股通常只支持市价单; 整股可开盘价限价
  3. 现金账户 T+1: 卖出的钱要 T+1 才结算。同日'先卖后买'可能触发 Good Faith Violation
     -> 若是现金账户: 建议【先买后卖】(用未结算资金会被限), 或改为仅卖出/仅买入错开
  4. 闲置现金: 不足 1 股的零头留在账户即可, 别硬凑第三只(Top3 佣金更高且历史更差)
  5. 汇率: 按 6.7092 折算; 人民币兑美元每升 1%, 折算回人民币少 1%

  已保存: signal_snapshot.json | 历史追加: signal_history.csv
