
====================================================================================================================
[2] 数据体检
====================================================================================================================
  最后交易日: 2026-09-11   面板 2185 根 x 37 只
  按【交易日】计落后 0 个交易日 (日历日 1 天)
  候选池: 合格 37/37 只; 历史不足被剔除: 无
  ⚠ 近 30 日出现单日 >50% 暴涨: ['MRNA']
     Vortex 用 14 日窗口受影响小; 但动量类因子会把它当成趋势 -> 谨慎

====================================================================================================================
[3] 调仓日历
====================================================================================================================
  ⚡ 最新一根(2026-09-11)【就是调仓日】-> 下一个交易日 2026-09-14 开盘执行
  执行日: 2026-09-14  北京时间 21:30 开盘
  夏令时: 是(3/8-11/1, 21:30开盘)

====================================================================================================================
[4] 下单清单  净值 $1,491  汇率 6.7092
====================================================================================================================
  策略 动量-1月反转 Top3: MU, LITE, COHR

  标的               现价       目标金额     整股       整股金额       碎股股数        建议
  ------------------------------------------------------------------------
  MU      $    973.53$       497      0$      0.00     0.5105        碎股
  LITE    $    928.00$       497      0$      0.00     0.5355        碎股
  COHR    $    303.63$       497      1$    303.63     1.6368      整股OK

  整股投入 $304 (占净值 20%), 闲置 $1,187
  佣金 卖 3x$2 + 买 3x$2 = $12 (占净值 0.80%)
  ❌ 整股买不动 -> 必须用碎股(富途支持按金额下单), 否则 80% 本金空转
  碎股方案: 每只按金额 $497 买入, 份额 MU 0.5105股, LITE 0.5355股, COHR 1.6368股

====================================================================================================================
[5] 换仓指令（最小换手，省佣金）
====================================================================================================================
  当前持仓市值 $1,491  成本 $1,496  盈亏 $-5 (-0.3%)
     META      1.1467股  现价 $   650.14  市值 $      746  盈亏    -0.3%
     BE        2.7070股  现价 $   275.37  市值 $      745  盈亏    -0.4%
  标的          动作          股数          金额        现持  备注
  ----------------------------------------------------------------------------
  MU          买入      1.7120       $1667    0.0000  
  LITE        买入      1.7960       $1667    0.0000  
  COHR        买入      5.4890       $1667    0.0000  
  META        清仓      0.0000        $746    1.1467  
  BE          清仓      0.0000        $745    2.7070  
  预计佣金 $10（最小换手 方案）
  对比: 无脑全卖全买 = $12; 最小换手省下 $2

====================================================================================================================
[6] 执行须知 (实务约束)
====================================================================================================================
  1. 下单时点: 2026-09-14 北京时间 21:30 开盘
     回测成交价 = 开盘价; 夜盘(北京8:00-16:00)/盘前(16:00-21:30)流动性薄、价差大, 不要用
  2. 订单类型: 碎股通常只支持市价单; 整股可开盘价限价
  3. 现金账户 T+1: 卖出的钱要 T+1 才结算。同日'先卖后买'可能触发 Good Faith Violation
     -> 若是现金账户: 建议【先买后卖】(用未结算资金会被限), 或改为仅卖出/仅买入错开
  4. 闲置现金: Top3 每只预算 $1667, 零头留现金即可, 别再加一只
  5. 汇率: 按 6.7092 折算; 人民币兑美元每升 1%, 折算回人民币少 1%

  已保存: signal_snapshot.json | 历史追加: signal_history.csv
