======================================================================================================================
[稳健性] 剔除最优月份后收益是否崩塌 (strict 引擎, 月度频率)
======================================================================================================================
策略                       总收益%     剔最优3月     剔最优5月     剔最优10月     月胜率     月度中位     最差月
----------------------------------------------------------------------------------------------------------------------
动量-1月反转(z)              13233      2795      1521        392      63      4.4   -19.0
MA200斜率                  4489      1334       720        171      58      3.0   -24.7
金叉+MA50距离                3914      1078       487         50      63      1.6   -23.3
TSI                      3483      1040       564        127      65      3.8   -21.0
Vortex                   2940       900       491        122      64      2.2   -20.8
经典12-1动量                 2913      1001       511         99      59      2.8   -19.0
AD线斜率                    2905       823       361         41      64      2.1   -26.8
----------------------------------------------------------------------------------------------------------------------
[基准] 等权买入持有              1207       546       343        100      63      3.5   -20.4
----------------------------------------------------------------------------------------------------------------------
【超额倍数 = (1+策略)/(1+基准), 剔除最优月后仍>1 才算真 alpha】
策略                        原始超额       剔3月       剔5月      剔10月
动量-1月反转(z)                0.11      4.48      3.66      2.46
MA200斜率                   0.04      2.22      1.85      1.36
金叉+MA50距离                 0.03      1.82      1.33      0.75
TSI                       0.03      1.76      1.50      1.14
Vortex                    0.03      1.55      1.33      1.11
经典12-1动量                  0.02      1.70      1.38      1.00
AD线斜率                     0.02      1.43      1.04      0.70

======================================================================================================================
[逐年收益%] 看收益是否集中在某一年
======================================================================================================================
策略                      2018    2019    2020    2021    2022    2023    2024    2025    2026
动量-1月反转(z)                 0      77     291     -38      -9      50     376      86     128
MA200斜率                    0      60     158      17     -35      45     133     109      93
金叉+MA50距离                  0      17     233     109     -37      49      46     110      49
TSI                        0      35     185      62     -41     125      55      97      38
Vortex                     0      11     134     101     -28     133      73      31      55
经典12-1动量                   0      52     208     -22     -42      36      76     143     110
AD线斜率                      0      16      95      87     -24      54     119     235     -21
[基准] 等权买入持有                0      48     103      35     -43      68      67      28      47

SAVED _robust_v12.json
