
======================================================================================================================
[2] 数据新鲜度
======================================================================================================================
  最后交易日: 2026-09-11   距今 1 天   样本共 2185 根
  上一次调仓日: 2026-09-11
  ⚡ 最新一根(2026-09-11)【就是调仓日】-> 信号已生成, 下一个交易日开盘执行

======================================================================================================================
[3] 北京时间执行时段 (当前夏令时 3/8-11/1)
======================================================================================================================
  富途可下单时段(美东):
    夜盘(隔夜)  周日-周四 20:00-04:00 ET  ->  北京时间 08:00-16:00   ← 很早就能下单
    盘前        04:00-09:30 ET            ->  北京时间 16:00-21:30
    常规        09:30-16:00 ET            ->  北京时间 21:30-次日04:00
    盘后        16:00-20:00 ET            ->  北京时间 次日04:00-08:00
  回测口径 = 开盘价成交 => 建议在北京时间 21:30 开盘瞬间下单, 而非夜盘/盘前

======================================================================================================================
[4] 当前信号与下单清单 (本金 $1490)
======================================================================================================================

  Vortex Top2: META, BE
  标的                现价          预算      整股        整股投入        碎股
  --------------------------------------------------------------
  META    $     649.92$        745       1$     649.92     1.147
  BE      $     275.30$        745       2$     550.60     2.707
  整股合计投入 $1201 (占本金 81%), 闲置 $290
  佣金: 卖出 2x$2.0 + 买入 2x$2.0 = $8 (占本金 0.54%)
  ⚠ 整股有闲置 -> 建议用碎股提高利用率

  Vortex Top3: META, BE, DELL
  标的                现价          预算      整股        整股投入        碎股
  --------------------------------------------------------------
  META    $     649.92$        497       0$       0.00     0.764
  BE      $     275.30$        497       1$     275.30     1.805
  DELL    $     561.15$        497       0$       0.00     0.885
  整股合计投入 $275 (占本金 18%), 闲置 $1215
  佣金: 卖出 3x$2.0 + 买入 3x$2.0 = $12 (占本金 0.81%)
  ❌ 整股买不动 -> 必须开碎股, 否则只能空转

  动量-1月反转 Top2: MU, LITE
  标的                现价          预算      整股        整股投入        碎股
  --------------------------------------------------------------
  MU      $     976.64$        745       0$       0.00     0.763
  LITE    $     929.57$        745       0$       0.00     0.802
  整股合计投入 $0 (占本金 0%), 闲置 $1490
  佣金: 卖出 2x$2.0 + 买入 2x$2.0 = $8 (占本金 0.54%)
  ❌ 整股买不动 -> 必须开碎股, 否则只能空转

  动量-1月反转 Top3: MU, LITE, COHR
  标的                现价          预算      整股        整股投入        碎股
  --------------------------------------------------------------
  MU      $     976.64$        497       0$       0.00     0.509
  LITE    $     929.57$        497       0$       0.00     0.534
  COHR    $     305.07$        497       1$     305.07     1.629
  整股合计投入 $305 (占本金 20%), 闲置 $1185
  佣金: 卖出 3x$2.0 + 买入 3x$2.0 = $12 (占本金 0.81%)
  ❌ 整股买不动 -> 必须开碎股, 否则只能空转

======================================================================================================================
[5] 本次调仓指令 (上一次调仓 -> 本期目标)
======================================================================================================================

  Vortex Top2:
    上一期(2026-08-12 持有): ['MSFT', 'ORCL']
    本期  (2026-09-11 目标): ['META', 'BE']
    卖出: ['MSFT', 'ORCL']     买入: ['META', 'BE']
    换手 2 只 -> 佣金 $8

  动量-1月反转 Top2:
    上一期(2026-08-12 持有): ['MU', 'BE']
    本期  (2026-09-11 目标): ['MU', 'LITE']
    卖出: ['BE']     买入: ['LITE']
    换手 1 只 -> 佣金 $4
