====================================================================================================================================
A. SPY 长历史 (2006-08 ~ 2026-09, 20年) 择时 vs 买入持有
====================================================================================================================================
方案                                      终值    CAGR      最大回撤      在场比例
------------------------------------------------------------------------------------------------------------------------------------
SPY 买入持有(基准)                  $    18,343   +9.9%    -56.5%      100%
SPY 200DMA -> 空仓              $    12,968   +8.0%    -21.9%       78%
SPY 200DMA -> 持TLT长债          $    11,748   +7.4%    -39.7%       78%
SPY 200DMA -> 持GLD黄金          $    25,638  +11.9%    -30.4%       78%
SPY 200DMA -> 持SHY短债          $    14,452   +8.6%    -21.6%       78%
SPY 200DMA+连5天确认 -> 空仓        $    11,713   +7.4%    -24.7%       81%
SPY 200DMA+连5天确认 -> 持TLT长债    $    11,770   +7.4%    -34.1%       81%
SPY 200DMA+连5天确认 -> 持GLD黄金    $    19,217  +10.2%    -31.1%       81%
SPY 200DMA+连5天确认 -> 持SHY短债    $    12,775   +7.9%    -24.5%       81%
SPY 50/200 金叉死叉 -> 空仓         $    13,871   +8.3%    -33.7%       77%
SPY 50/200 金叉死叉 -> 持TLT长债     $    15,653   +9.0%    -36.1%       77%
SPY 50/200 金叉死叉 -> 持GLD黄金     $    22,113  +11.0%    -33.7%       77%
SPY 50/200 金叉死叉 -> 持SHY短债     $    15,124   +8.8%    -33.7%       77%
SPY 100DMA -> 空仓              $    15,438   +8.9%    -18.5%       76%
SPY 100DMA -> 持TLT长债          $    18,743  +10.1%    -38.3%       76%
SPY 100DMA -> 持GLD黄金          $    43,531  +15.0%    -28.4%       76%
SPY 100DMA -> 持SHY短债          $    17,881   +9.8%    -18.5%       76%
SPY 50DMA -> 空仓               $     8,629   +5.7%    -26.7%       72%
SPY 50DMA -> 持TLT长债           $    11,621   +7.3%    -40.8%       72%
SPY 50DMA -> 持GLD黄金           $    24,719  +11.7%    -35.4%       72%
SPY 50DMA -> 持SHY短债           $    10,384   +6.7%    -21.4%       72%

====================================================================================================================================
B. 各牛熊分段收益 (括号内为区间内最大回撤)
====================================================================================================================================
阶段                          性质          SPY买入持有    SPY 200DMA->空    SPY 200DMA->持    SPY 50/200 金叉    SPY 50/200 金叉
------------------------------------------------------------------------------------------------------------------------------------
2007顶->2009底 金融危机            熊      -56% (-56%)        -6% (-7%)      +16% (-16%)       -5% (-10%)      +14% (-16%)
2009-2011 复苏牛                牛      +89% (-16%)      +23% (-20%)      +13% (-21%)      +37% (-16%)      +31% (-17%)
2011 欧债回落                    熊      -19% (-20%)      -10% (-20%)       +8% (-20%)      -12% (-20%)       +3% (-20%)
2011-2015 牛市                 牛      +94% (-10%)      +56% (-10%)      +40% (-16%)      +65% (-10%)      +63% (-10%)
2015-16 调整                   熊      -13% (-13%)      -12% (-12%)       -8% (-17%)      -15% (-17%)       -9% (-17%)
2016-2018 牛市                 牛      +64% (-10%)      +49% (-10%)      +46% (-10%)      +45% (-10%)      +42% (-10%)
2018 Q4 回落                   熊      -19% (-19%)      -12% (-12%)      -10% (-12%)       -9% (-10%)       -6% (-10%)
2019-2020.2 牛市               牛       +40% (-7%)       +21% (-6%)       +19% (-7%)       +22% (-7%)       +28% (-7%)
2020 疫情崩盘                    熊      -34% (-34%)      -19% (-19%)      -19% (-30%)      -34% (-34%)      -34% (-34%)
2020-2021 牛市                 牛      +100% (-9%)       +61% (-9%)       +62% (-9%)       +57% (-9%)      +53% (-12%)
2022 熊市                      熊      -24% (-24%)      -10% (-11%)      -31% (-31%)       -9% (-13%)      -31% (-31%)
2023-2026 牛市                 牛     +118% (-19%)      +64% (-11%)      +63% (-16%)      +67% (-19%)      +81% (-19%)
------------------------------------------------------------------------------------------------------------------------------------
全程                                        +511%             +332%             +292%             +362%             +422% 

====================================================================================================================================
C. 熊市段合计: 择时躲开了多少钱?  牛市段合计: 又踏空了多少钱?
====================================================================================================================================
方案                                     熊市段累计(复利)         牛市段累计(复利)          熊市少亏(相对基准)
------------------------------------------------------------------------------------------------------------------------------------
SPY 买入持有(基准)                                -88%            +3577%                   -
SPY 200DMA -> 空仓                            -53%             +810%               +283%
SPY 200DMA -> 持TLT长债                        -42%             +621%               +371%
SPY 200DMA -> 持GLD黄金                        -52%            +1749%               +284%
SPY 50/200 金叉死叉 -> 空仓                       -61%             +952%               +215%
SPY 50/200 金叉死叉 -> 持TLT长债                   -54%             +975%               +273%
SPY 50/200 金叉死叉 -> 持GLD黄金                   -61%            +1676%               +217%

(熊市少亏为正 = 择时确实少亏了; 需与'牛市段累计'对比看代价)

====================================================================================================================================
D. 择时信号的滞后成本: 每次熊市从顶点到发出离场信号, 已经跌了多少
====================================================================================================================================
熊市区间                      顶点日         离场信号日             滞后       信号时已跌        熊市全程跌幅      躲开比例
------------------------------------------------------------------------------------------------------------------------------------
--- SPY 200DMA (共 59 次离场, 累计离场 1074 日 = 22%) ---
2007顶->2009底 金融危机         2007-10-09  2007-11-07       21日       -5.5%        -56.5%      -33%
2011 欧债回落                 2011-05-02  2011-07-04       42日      -19.6%        -19.3%        0%
2015-16 调整                2015-07-20  2015-08-20       23日       -4.0%        -13.0%       -8%
2018 Q4 回落                2018-09-21  2018-10-11       14日       -6.8%        -19.3%      -10%
2020 疫情崩盘                 2020-02-19  2020-02-27        6日      -12.1%        -33.7%      -16%
2022 熊市                   2022-01-03  2022-01-21       13日       -8.3%        -24.5%      -13%
   假信号率: 离场期间SPY反而上涨 52/59 = 88%

--- SPY 50/200 金叉死叉 (共 9 次离场, 累计离场 1100 日 = 23%) ---
2007顶->2009底 金融危机         2007-10-09  2007-12-21       52日       -5.3%        -56.5%      -33%
2011 欧债回落                 2011-05-02  2011-08-16       65日      -12.2%        -19.3%       -6%
2015-16 调整                2015-07-20  2015-09-03       33日       -8.0%        -13.0%       -4%
2018 Q4 回落                2018-09-21  2018-12-12       56日       -9.1%        -19.3%       -9%
2020 疫情崩盘                 2020-02-19  无信号                -           -        -33.7%        0%
2022 熊市                   2022-01-03  2022-03-16       50日       -8.8%        -24.5%      -13%
   假信号率: 离场期间SPY反而上涨 7/9 = 78%

SAVED _bear_spy_long.json
