============================================================================================================
技术指标全家桶 & 组合 · 区间 2018-01-02 ~ 2026-09-10  (2184 交易日)  起点 $3000
VOO 买入持有: $9685 (+222.8%)  | VOO 200DMA择时(空仓): $6943 (+131.4%)
============================================================================================================

### [单指标] ROC60 Top2
  终值 $62957 | 总收益 1998.6% | 年化和 42.1% | 活跃年化 48.8% | 夏普 0.96 | 最大回撤 -55.8%
  首笔交易: 2019-01-03
  阶段            类型          策略%     VOO%        阶段最大回撤%
  2018牛市(至顶)    bull        0.0     10.2            0.0
  2018回落(熊)     bear        0.0    -19.4            0.0
  2019-20.2牛市   bull       27.1     38.0          -39.4
  2020崩盘(熊)     bear      -47.5    -34.0          -53.2
  2020-21牛市     bull      280.3    100.5          -40.5
  2022熊市(熊)     bear      -36.4    -24.5          -43.5
  2023-26牛市     bull     1050.7    108.7          -47.0

### [单指标] RSI14(强势) Top2
  终值 $35486 | 总收益 1082.9% | 年化和 33.0% | 活跃年化 38.0% | 夏普 0.96 | 最大回撤 -44.7%
  首笔交易: 2019-01-03
  阶段            类型          策略%     VOO%        阶段最大回撤%
  2018牛市(至顶)    bull        0.0     10.2            0.0
  2018回落(熊)     bear        0.0    -19.4            0.0
  2019-20.2牛市   bull       49.6     38.0          -27.4
  2020崩盘(熊)     bear      -19.8    -34.0          -26.7
  2020-21牛市     bull      288.3    100.5          -26.0
  2022熊市(熊)     bear      -36.8    -24.5          -39.8
  2023-26牛市     bull      348.5    108.7          -37.4

### [单指标] RSI14(超卖反弹) Top2
  终值 $5783 | 总收益 92.8% | 年化和 7.9% | 活跃年化 9.0% | 夏普 0.4 | 最大回撤 -52.1%
  首笔交易: 2019-01-03
  阶段            类型          策略%     VOO%        阶段最大回撤%
  2018牛市(至顶)    bull        0.0     10.2            0.0
  2018回落(熊)     bear        0.0    -19.4            0.0
  2019-20.2牛市   bull       -0.4     38.0          -34.3
  2020崩盘(熊)     bear      -26.6    -34.0          -35.2
  2020-21牛市     bull       25.8    100.5          -42.4
  2022熊市(熊)     bear       -9.3    -24.5          -27.9
  2023-26牛市     bull       82.7    108.7          -35.9

### [单指标] CCI20(强势) Top2
  终值 $49552 | 总收益 1551.7% | 年化和 38.2% | 活跃年化 44.2% | 夏普 1.1 | 最大回撤 -38.4%
  首笔交易: 2019-01-03
  阶段            类型          策略%     VOO%        阶段最大回撤%
  2018牛市(至顶)    bull        0.0     10.2            0.0
  2018回落(熊)     bear        0.0    -19.4            0.0
  2019-20.2牛市   bull       80.8     38.0          -17.2
  2020崩盘(熊)     bear      -20.6    -34.0          -27.2
  2020-21牛市     bull      404.4    100.5           -8.7
  2022熊市(熊)     bear      -27.7    -24.5          -32.0
  2023-26牛市     bull      197.7    108.7          -38.4

### [单指标] CCI20(反转) Top2
  终值 $11349 | 总收益 278.3% | 年化和 16.6% | 活跃年化 19.0% | 夏普 0.64 | 最大回撤 -54.4%
  首笔交易: 2019-01-03
  阶段            类型          策略%     VOO%        阶段最大回撤%
  2018牛市(至顶)    bull        0.0     10.2            0.0
  2018回落(熊)     bear        0.0    -19.4            0.0
  2019-20.2牛市   bull       57.6     38.0           -9.0
  2020崩盘(熊)     bear      -18.1    -34.0          -18.6
  2020-21牛市     bull       87.3    100.5          -26.1
  2022熊市(熊)     bear      -38.6    -24.5          -38.9
  2023-26牛市     bull      131.4    108.7          -34.5

### [单指标] Stochastic%K Top2
  终值 $66724 | 总收益 2124.1% | 年化和 43.0% | 活跃年化 49.9% | 夏普 1.17 | 最大回撤 -56.0%
  首笔交易: 2019-01-03
  阶段            类型          策略%     VOO%        阶段最大回撤%
  2018牛市(至顶)    bull        0.0     10.2            0.0
  2018回落(熊)     bear        0.0    -19.4            0.0
  2019-20.2牛市   bull       58.5     38.0          -17.8
  2020崩盘(熊)     bear      -23.7    -34.0          -27.7
  2020-21牛市     bull      306.3    100.5          -33.5
  2022熊市(熊)     bear      -46.3    -24.5          -46.6
  2023-26牛市     bull      385.5    108.7          -40.2

### [单指标] Williams%R Top2
  终值 $66724 | 总收益 2124.1% | 年化和 43.0% | 活跃年化 49.9% | 夏普 1.17 | 最大回撤 -56.0%
  首笔交易: 2019-01-03
  阶段            类型          策略%     VOO%        阶段最大回撤%
  2018牛市(至顶)    bull        0.0     10.2            0.0
  2018回落(熊)     bear        0.0    -19.4            0.0
  2019-20.2牛市   bull       58.5     38.0          -17.8
  2020崩盘(熊)     bear      -23.7    -34.0          -27.7
  2020-21牛市     bull      306.3    100.5          -33.5
  2022熊市(熊)     bear      -46.3    -24.5          -46.6
  2023-26牛市     bull      385.5    108.7          -40.2

### [单指标] Bollinger%B Top2
  终值 $39201 | 总收益 1206.7% | 年化和 34.5% | 活跃年化 39.8% | 夏普 0.99 | 最大回撤 -49.5%
  首笔交易: 2019-01-03
  阶段            类型          策略%     VOO%        阶段最大回撤%
  2018牛市(至顶)    bull        0.0     10.2            0.0
  2018回落(熊)     bear        0.0    -19.4            0.0
  2019-20.2牛市   bull       22.9     38.0          -18.7
  2020崩盘(熊)     bear      -18.3    -34.0          -25.0
  2020-21牛市     bull      360.1    100.5          -20.3
  2022熊市(熊)     bear      -43.4    -24.5          -44.6
  2023-26牛市     bull      309.4    108.7          -32.0

### [单指标] MACD柱 Top2
  终值 $6571 | 总收益 119.0% | 年化和 9.5% | 活跃年化 10.8% | 夏普 0.43 | 最大回撤 -68.4%
  首笔交易: 2019-01-03
  阶段            类型          策略%     VOO%        阶段最大回撤%
  2018牛市(至顶)    bull        0.0     10.2            0.0
  2018回落(熊)     bear        0.0    -19.4            0.0
  2019-20.2牛市   bull       63.6     38.0          -14.9
  2020崩盘(熊)     bear      -16.8    -34.0          -25.1
  2020-21牛市     bull      112.7    100.5          -36.9
  2022熊市(熊)     bear      -39.4    -24.5          -41.0
  2023-26牛市     bull       52.4    108.7          -47.8

### [单指标] DI差(方向趋势) Top2
  终值 $19014 | 总收益 533.8% | 年化和 23.7% | 活跃年化 27.3% | 夏普 0.76 | 最大回撤 -60.9%
  首笔交易: 2019-01-03
  阶段            类型          策略%     VOO%        阶段最大回撤%
  2018牛市(至顶)    bull        0.0     10.2            0.0
  2018回落(熊)     bear        0.0    -19.4            0.0
  2019-20.2牛市   bull       71.8     38.0          -22.0
  2020崩盘(熊)     bear      -22.2    -34.0          -26.7
  2020-21牛市     bull      448.0    100.5          -30.7
  2022熊市(熊)     bear      -51.4    -24.5          -53.5
  2023-26牛市     bull      102.8    108.7          -45.7

### [单指标] Donchian55突破 Top2
  终值 $22522 | 总收益 650.7% | 年化和 26.2% | 活跃年化 30.1% | 夏普 0.91 | 最大回撤 -41.1%
  首笔交易: 2019-01-03
  阶段            类型          策略%     VOO%        阶段最大回撤%
  2018牛市(至顶)    bull        0.0     10.2            0.0
  2018回落(熊)     bear        0.0    -19.4            0.0
  2019-20.2牛市   bull       45.6     38.0          -11.3
  2020崩盘(熊)     bear      -21.4    -34.0          -21.4
  2020-21牛市     bull      311.9    100.5          -14.7
  2022熊市(熊)     bear      -25.6    -24.5          -26.7
  2023-26牛市     bull      144.0    108.7          -32.6

### [组合] 趋势集成(动量+ROC+均线) Top2
  终值 $32396 | 总收益 979.9% | 年化和 31.6% | 活跃年化 36.4% | 夏普 0.81 | 最大回撤 -78.3%
  首笔交易: 2019-01-03
  阶段            类型          策略%     VOO%        阶段最大回撤%
  2018牛市(至顶)    bull        0.0     10.2            0.0
  2018回落(熊)     bear        0.0    -19.4            0.0
  2019-20.2牛市   bull       47.7     38.0          -29.2
  2020崩盘(熊)     bear      -33.1    -34.0          -33.4
  2020-21牛市     bull      310.5    100.5          -36.1
  2022熊市(熊)     bear      -65.7    -24.5          -65.7
  2023-26牛市     bull      588.9    108.7          -46.8

### [组合] 全指标集成(趋势+摆动) Top2
  终值 $33381 | 总收益 1012.7% | 年化和 32.0% | 活跃年化 36.9% | 夏普 0.83 | 最大回撤 -70.2%
  首笔交易: 2019-01-03
  阶段            类型          策略%     VOO%        阶段最大回撤%
  2018牛市(至顶)    bull        0.0     10.2            0.0
  2018回落(熊)     bear        0.0    -19.4            0.0
  2019-20.2牛市   bull       17.8     38.0          -34.1
  2020崩盘(熊)     bear      -29.5    -34.0          -29.9
  2020-21牛市     bull      376.3    100.5          -40.6
  2022熊市(熊)     bear      -49.4    -24.5          -49.7
  2023-26牛市     bull      514.9    108.7          -41.7

### [组合] 智能组合(动量+均线+1月反转) Top2
  终值 $114420 | 总收益 3714.0% | 年化和 52.2% | 活跃年化 60.8% | 夏普 1.11 | 最大回撤 -69.5%
  首笔交易: 2019-01-03
  阶段            类型          策略%     VOO%        阶段最大回撤%
  2018牛市(至顶)    bull        0.0     10.2            0.0
  2018回落(熊)     bear        0.0    -19.4            0.0
  2019-20.2牛市   bull       97.7     38.0          -16.5
  2020崩盘(熊)     bear      -32.6    -34.0          -38.2
  2020-21牛市     bull      288.8    100.5          -33.8
  2022熊市(熊)     bear      -44.1    -24.5          -44.1
  2023-26牛市     bull     1149.0    108.7          -40.9

### [组合] 多数投票(10指标) Top2
  终值 $28017 | 总收益 833.9% | 年化和 29.4% | 活跃年化 33.8% | 夏普 0.78 | 最大回撤 -73.6%
  首笔交易: 2019-01-03
  阶段            类型          策略%     VOO%        阶段最大回撤%
  2018牛市(至顶)    bull        0.0     10.2            0.0
  2018回落(熊)     bear        0.0    -19.4            0.0
  2019-20.2牛市   bull       14.2     38.0          -23.0
  2020崩盘(熊)     bear      -25.9    -34.0          -28.8
  2020-21牛市     bull      289.2    100.5          -40.9
  2022熊市(熊)     bear      -46.7    -24.5          -46.9
  2023-26牛市     bull      481.5    108.7          -46.9

### [组合] 智能组合 +15%止损+200DMA(熊持VOO)
  终值 $31679 | 总收益 956.5% | 年化和 31.3% | 活跃年化 35.1% | 夏普 0.91 | 最大回撤 -63.4%
  首笔交易: 2019-02-04
  阶段            类型          策略%     VOO%        阶段最大回撤%
  2018牛市(至顶)    bull        9.5     10.2           -9.5
  2018回落(熊)     bear      -14.4    -19.4          -14.4
  2019-20.2牛市   bull       51.5     38.0          -13.7
  2020崩盘(熊)     bear      -28.8    -34.0          -28.8
  2020-21牛市     bull      167.1    100.5          -35.7
  2022熊市(熊)     bear      -35.9    -24.5          -35.9
  2023-26牛市     bull      393.0    108.7          -34.1

### [组合] 趋势集成 +15%止损+200DMA(熊持VOO)
  终值 $19458 | 总收益 548.9% | 年化和 24.1% | 活跃年化 26.7% | 夏普 0.75 | 最大回撤 -60.2%
  首笔交易: 2019-02-04
  阶段            类型          策略%     VOO%        阶段最大回撤%
  2018牛市(至顶)    bull        9.5     10.2           -9.5
  2018回落(熊)     bear      -14.4    -19.4          -14.4
  2019-20.2牛市   bull       10.4     38.0          -29.4
  2020崩盘(熊)     bear      -24.0    -34.0          -25.5
  2020-21牛市     bull      140.9    100.5          -36.2
  2022熊市(熊)     bear      -36.8    -24.5          -36.8
  2023-26牛市     bull      321.1    108.7          -31.9

### [组合] 多数投票 +15%止损+200DMA(熊持VOO)
  终值 $20711 | 总收益 590.7% | 年化和 25.0% | 活跃年化 27.7% | 夏普 0.75 | 最大回撤 -56.8%
  首笔交易: 2019-02-04
  阶段            类型          策略%     VOO%        阶段最大回撤%
  2018牛市(至顶)    bull        9.5     10.2           -9.5
  2018回落(熊)     bear      -14.4    -19.4          -14.4
  2019-20.2牛市   bull       -8.8     38.0          -23.7
  2020崩盘(熊)     bear      -22.4    -34.0          -25.5
  2020-21牛市     bull      202.9    100.5          -26.2
  2022熊市(熊)     bear      -34.8    -24.5          -34.8
  2023-26牛市     bull      309.6    108.7          -33.7

### [基准] 经典12-1动量 Top2 无止损
  终值 $92023 | 总收益 2967.4% | 年化和 48.4% | 活跃年化 56.3% | 夏普 1.08 | 最大回撤 -70.7%
  首笔交易: 2019-01-03
  阶段            类型          策略%     VOO%        阶段最大回撤%
  2018牛市(至顶)    bull        0.0     10.2            0.0
  2018回落(熊)     bear        0.0    -19.4            0.0
  2019-20.2牛市   bull       83.3     38.0          -15.0
  2020崩盘(熊)     bear      -32.8    -34.0          -38.3
  2020-21牛市     bull      196.9    100.5          -43.5
  2022熊市(熊)     bear      -41.6    -24.5          -41.6
  2023-26牛市     bull     1196.4    108.7          -37.4

### [基准] 金叉+MA50距离 Top2 无止损
  终值 $99740 | 总收益 3224.7% | 年化和 49.8% | 活跃年化 58.0% | 夏普 1.13 | 最大回撤 -57.6%
  首笔交易: 2019-01-03
  阶段            类型          策略%     VOO%        阶段最大回撤%
  2018牛市(至顶)    bull        0.0     10.2            0.0
  2018回落(熊)     bear        0.0    -19.4            0.0
  2019-20.2牛市   bull       87.6     38.0          -20.5
  2020崩盘(熊)     bear      -23.4    -34.0          -28.2
  2020-21牛市     bull      527.0    100.5          -32.7
  2022熊市(熊)     bear      -45.9    -24.5          -46.7
  2023-26牛市     bull      531.9    108.7          -45.0

SAVED c:/Users/sailor/WorkBuddy/2026-09-11-09-02-22\_tech_ensemble_results.json
