======================================================================================================================
v12 BUG 修复与验证 · 宇宙 37 只 · 2018-01-02 ~ 2026-09-10 (2184 交易日) · 起点 $3000
======================================================================================================================
[基准1] VOO 买入持有      : $10458 (+248.6%)
[基准2] 宇宙等权买入持有  : $39211 (+1207.0%)
[基准3] 宇宙等权月度再平衡: $508 (+-83.1%)  <== 正确基准
>> 此前 v8~v11 全部以 VOO 为基准, 而宇宙等权是 VOO 的 3.7 倍 -> 历史超额被严重夸大

======================================================================================================================
[BUG-2 验证] inf 污染: dropna() 不剔除 inf, inf 会被排序选为 Top1
======================================================================================================================
  AD线斜率          inf格数=1     未清洗 +  3069.3%  清洗后 +  3069.3%  差异 +0.0pp
  OBV斜率          inf格数=39    未清洗 +   190.1%  清洗后 +   190.1%  差异 +0.0pp
  ChaikinADOsc   inf格数=0     未清洗 +  1547.8%  清洗后 +  1547.8%  差异 +0.0pp

======================================================================================================================
[BUG-3/4/5 验证] 三档引擎对照 (A=v11原样 / B=仅T+1开盘成交 / C=全修复)
======================================================================================================================
策略                 K    止损 |     A: 总收益%     夏普     回撤% |     B: 总收益%     夏普 |     C: 总收益%     夏普     回撤% | C/A倍差
经典12-1动量           2  0.00 |      2967.4   1.08   -70.7 |      3049.8   1.09 |      2913.2   1.07   -70.2 | x0.98
金叉+MA50距离          2  0.00 |      3224.7   1.13   -57.6 |      4021.4   1.18 |      3913.7   1.16   -53.0 | x1.21
AD线斜率              2  0.00 |      3069.3   1.23   -42.2 |      2958.2   1.22 |      2905.0   1.22   -43.9 | x0.95
Vortex             2  0.00 |      3017.1   1.30   -35.2 |      3014.1   1.30 |      2940.0   1.29   -34.6 | x0.98
TSI                2  0.00 |      3191.9   1.24   -48.0 |      3612.0   1.29 |      3483.3   1.27   -50.1 | x1.09
CCI20              2  0.00 |      1551.7   1.10   -38.4 |      1732.0   1.14 |      1673.3   1.13   -36.4 | x1.07
MACD柱              2  0.00 |       119.0   0.43   -68.4 |       111.4   0.42 |       105.3   0.41   -70.1 | x0.94
动量-1月反转(z)         2  0.00 |     13519.7   1.45   -66.3 |     13856.4   1.46 |     13233.1   1.44   -66.0 | x0.98
金叉+MA50距离          3  0.00 |      2080.1   1.16   -50.7 |      2715.4   1.22 |      2662.9   1.21   -48.4 | x1.27
经典12-1动量           2  0.15 |      1266.2   0.97   -70.4 |       854.8   0.86 |       791.6   0.84   -75.0 | x0.65

>> 平均 C/A = x1.01: 修复时序+成本+碎股后, 策略收益平均变为原来的 +1%。若某策略在 C 档大幅缩水, 说明原收益主要来自前视/零成本假设。

======================================================================================================================
[蒙特卡洛] 随机选股 300 次 (同宇宙/同时序/同调仓) —— 校准'运气'分布
======================================================================================================================
随机Top2 总收益分布: P5=116%  P25=279%  中位数=518%  P75=1001%  P95=2144%
随机Top2 夏普分布  : P5=0.44  中位数=0.80  P95=1.25
宇宙等权基准 +-83% 在随机分布中的分位: 0%
耗时 4s

======================================================================================================================
[最终排行] strict 引擎 (C档) · 按总收益降序 · 含相对宇宙等权超额 & 蒙特卡洛分位
======================================================================================================================
  # | 策略                             总收益%       终值$     夏普     回撤%    vs宇宙     随机分位
----------------------------------------------------------------------------------------------------------------------
  1 | 动量-1月反转(z)                    13233    399992   1.44   -66.0  786.77     100%
  2 | MA200斜率                        4489    137671   1.15   -66.7  270.79      99%
  3 | 金叉+MA50距离                      3914    120410   1.16   -53.0  236.84      99%
  4 | TSI                            3483    107500   1.27   -50.1  211.45      99%
  5 | Vortex                         2940     91201   1.29   -34.6  179.39      98%
  6 | 经典12-1动量                       2913     90397   1.07   -70.2  177.81      98%
  7 | AD线斜率                          2905     90151   1.22   -43.9  177.32      98%
  8 | Stochastic%K                   2499     77960   1.21   -55.0  153.35      96%
  9 | MA50距离                         2364     73921   1.03   -69.2  145.40      96%
 10 | ROC60                          2239     70171   0.98   -61.4  138.02      95%
 11 | Ichimoku云                      2037     64107   1.02   -49.4  126.10      93%
 12 | CCI20                          1673     53198   1.13   -36.4  104.64      90%
 13 | ChaikinADOsc                   1510     48311   1.15   -54.9   95.03      88%
 14 | 1月反转                           1412     45368   0.92   -67.5   89.24      86%
 15 | CMO20                          1331     42936   1.05   -50.6   84.45      85%
 16 | CMF20                          1320     42592   1.03   -67.2   83.78      85%
 17 | MFI14                          1317     42522   1.05   -48.9   83.64      85%
 18 | RSI14                          1131     36936   0.97   -47.3   72.65      80%
 19 | SAR距离                          1098     35953   0.92   -61.0   70.72      79%
 20 | TSI +15%止损+200DMA              1051     34535   1.10   -36.2   67.93      77%
 21 | Aroon25                         773     26198   0.88   -55.0   51.53      63%
 22 | 金叉+MA50距离 +15%止损+200DMA         728     24837   0.87   -43.4   48.85      63%
 23 | AD线斜率 +15%止损+200DMA             715     24450   0.97   -44.4   48.09      62%
 24 | Vortex +15%止损+200DMA            638     22130   0.97   -30.3   43.53      59%
 25 | 经典12-1动量 +15%止损+200DMA          531     18933   0.78   -72.9   37.24      51%
 26 | Ichimoku云 +15%止损+200DMA         369     14060   0.69   -44.7   27.65      34%
 27 | OBV斜率                           143      7295   0.46   -61.9   14.35       9%
 28 | MACD柱                           105      6159   0.41   -70.1   12.11       4%
----------------------------------------------------------------------------------------------------------------------
    | [基准] 宇宙等权月度再平衡                  -83       508  -0.74   -88.4    1.00       --
    | [基准] 宇宙等权买入持有                  1207     39211   1.08   -49.4   77.13       --
    | [基准] VOO 买入持有                   249     10458   0.00     0.0   20.57       --

======================================================================================================================
[稳定性] 前半段(2019-2022.9) vs 后半段(2022.10-2026.9) 排名是否一致
======================================================================================================================
策略                       前半收益%     后半收益%     前段排名     后段排名     排名变化
金叉+MA50距离                  489       575        1       10       -9
CCI20                      397       256        2       19      -17
TSI                        385       637        3        8       -5
动量-1月反转(z)                 375      2812        4        1       +3
MA50距离                     370       418        5       13       -8
Ichimoku云                  364       359        6       16      -10
Vortex                     340       590        7        9       -2
CMO20                      304       254        8       20      -12
MFI14                      232       327        9       18       -9
1月反转                       227       362       10       15       -5
AD线斜率                      220       823       11        6       +5
Stochastic%K               203       756       12        7       +5
RSI14                      181       338       13       17       -4
MA200斜率                    174      1535       14        2      +12
经典12-1动量                   165      1080       15        5      +10
ChaikinADOsc               147       547       16       11       +5
SAR距离                      131       411       17       14       +3
ROC60                       87      1129       18        4      +14
Aroon25                     57       457       19       12       +7
MACD柱                       46        40       20       22       -2
OBV斜率                       27        88       21       21       +0
CMF20                        7      1205       22        3      +19

>> 前后段排名 Spearman rho = -0.00 (越接近1越稳定; <0.3 说明排行基本是样本内噪声)

SAVED _v12_results.json
