====================================================================================================================================
富途真实佣金: 每笔固定 $2 (买/卖各计一笔) | 本金 ¥10,000 = $1,490.49 | 汇率 6.7092
持有期 76 个交易日
====================================================================================================================================

[1] 单次调仓成本
持股数           每次调仓笔数      每次成本       76天内约4次       占本金
------------------------------------------------------------------------------------------------------------------------------------
Top1               2        $4           $16     1.07%
Top2               4        $8           $32     2.15%
Top3               6       $12           $48     3.22%
Top4               8       $16           $64     4.29%

[2] 佣金模型对 8.7 年历史的影响 (本金 $1,490)
策略                               旧模型(最低$1)        真实($2/笔)          差异        回撤
------------------------------------------------------------------------------------------------------------------------------------
Vortex Top2                        +12173%         +11272%       -901pp    -45.7%
Vortex Top3                         +4959%          +4361%       -597pp    -40.6%
动量-1月反转 Top2                       +12806%         +12123%       -682pp    -83.4%
动量-1月反转 Top3                        +9812%          +8792%      -1019pp    -79.1%
等权全买37只                                  -          +1206%
VOO 指数                                   -           +249%

[3] 调仓频率敏感性 (真实佣金下, 8.7 年)
策略                             21天(月频)         42天(双月)         63天(季频)        126天(半年)
------------------------------------------------------------------------------------------------------------------------------------
Vortex Top2                    +11272%          +3966%          +1663%          +8261%
Vortex Top3                     +4361%          +2510%          +1360%          +5759%
动量-1月反转 Top2                   +12123%          +2231%          +9195%          +6833%
动量-1月反转 Top3                    +8792%          +2400%         +11325%          +5793%

[4] 持有 76 个交易日 的分布 (真实佣金, 起点在牛市 = 当前状态)
策略                             样本        悲观5%         25%          中位         75%       乐观95%      亏钱概率
------------------------------------------------------------------------------------------------------------------------------------
Vortex Top2                  1497      8,370元     10,558元     12,093元     13,676元     18,800元       18%
Vortex Top3                  1497      7,900元     10,331元     11,706元     12,813元     16,897元       19%
动量-1月反转 Top2                 1497      5,804元      9,639元     11,915元     14,285元     23,272元       29%
动量-1月反转 Top3                 1497      6,388元      9,493元     11,693元     14,683元     20,914元       30%
等权全买37只                      1497      8,036元     10,099元     11,077元     12,297元     13,762元       23%
VOO 指数                       1497      8,911元     10,169元     10,629元     10,919元     11,389元       20%

[5] 压力情景: 起点牛市但 76 天内跌破 200 日均线
策略                             样本        悲观5%         25%          中位         75%       乐观95%      亏钱概率
------------------------------------------------------------------------------------------------------------------------------------
Vortex Top2                   530      7,683元      9,259元     11,231元     12,518元     17,240元       32%
Vortex Top3                   530      7,502元      8,860元     10,427元     12,074元     16,834元       42%
动量-1月反转 Top2                  530      5,209元      9,107元     11,071元     12,662元     18,666元       36%
动量-1月反转 Top3                  530      5,307元      8,438元     10,666元     11,599元     18,578元       42%
等权全买37只                       530      7,605元      8,764元     10,116元     11,232元     13,839元       46%
VOO 指数                        530      8,557元      9,281元      9,957元     10,541元     11,175元       51%

[6] 降低调仓频率能否省钱? (76 天窗口, 起点牛市, 中位收益)
策略                          21天/4次 $32      42天/2次 $16       63天/1次 $8                        说明
------------------------------------------------------------------------------------------------------------------------------------
Vortex Top2                   12,093元  <-- 最优        11,693元          10,988元  
Vortex Top3                   11,706元  <-- 最优        11,486元          11,153元  
动量-1月反转 Top2                  11,915元  <-- 最优        11,099元          11,907元  
动量-1月反转 Top3                  11,693元          11,141元          12,109元  <-- 最优

[7] 碎股 vs 整股 + 真实佣金 (Vortex Top2)
------------------------------------------------------------------------------------------------------------------------------------
  Vortex               碎股     +11272%   整股     +11536%   差     +264pp
  动量-1月反转              碎股     +12123%   整股     +11832%   差     -291pp

[8] 本期实际成本 (当前信号, 76 天, 4 次调仓)
------------------------------------------------------------------------------------------------------------------------------------
  Vortex Top2: META($644), BE($258)
      每只预算 $745 | 碎股 1.16股, 2.88股 | 整股可行: 是 | 4次调仓佣金 $32 = 本金 2.15%
  Vortex Top3: META($644), BE($258), DELL($507)
      每只预算 $497 | 碎股 0.77股, 1.92股, 0.98股 | 整股可行: 否 | 4次调仓佣金 $48 = 本金 3.22%
  动量-1月反转 Top2: MU($977), LITE($936)
      每只预算 $745 | 碎股 0.76股, 0.80股 | 整股可行: 否 | 4次调仓佣金 $32 = 本金 2.15%
  动量-1月反转 Top3: MU($977), LITE($936), COHR($293)
      每只预算 $497 | 碎股 0.51股, 0.53股, 1.69股 | 整股可行: 否 | 4次调仓佣金 $48 = 本金 3.22%

SAVED _forecast_2026_v16.json
