================================================================================================================
[1] 单票买入持有涨幅 (2019-01-03 -> 2026-09-10)
================================================================================================================
   US.NVDA    x  68.98  (+    6798%)
   US.MU      x  32.33  (+    3133%)
   US.AMD     x  29.54  (+    2854%)
   US.VRT     x  25.58  (+    2458%)
   US.BE      x  24.69  (+    2369%)
   US.DELL    x  24.43  (+    2343%)
   US.LITE    x  23.99  (+    2299%)
   US.AVGO    x  19.01  (+    1801%)
   ...
   宇宙中位数 xnan | 最差 US.TEM xnan
   >> 最大单票 = xnan. 策略若超过它是可能的(换股可叠加), 但不能超过'完美预期上界'。

================================================================================================================
[2] 完美预期上界 Perfect Foresight (每次调仓都押中未来21天最强票)
================================================================================================================
   Top1 完美预期: 终值 $786,057,438,892,458,496  (+26,201,914,629,748,516%)   <== 数学上界
   Top2 完美预期: 终值 $11,346,397,015,753,492  (+378,213,233,858,350%)   <== 数学上界
   Top3 完美预期: 终值 $535,554,968,264,891  (+17,851,832,275,396%)   <== 数学上界

================================================================================================================
[3] 宇宙等权基准修正 (月度全额换手会被佣金吃光, 需低换手口径)
================================================================================================================
   等权买入持有(零换手)      : $   39,211 (+   1207%) 夏普 1.08 回撤 -49%
   等权月度再平衡(零佣金)    : $   56,678 (+   1789%) 夏普 1.28 回撤 -44%
   等权月度再平衡($1/笔)     : $   19,446 (+    548%)  <- 37只全额换手被佣金摧毁
   >> 采用【等权月度再平衡(零佣金)】做主基准: +1789%

================================================================================================================
[4] 关键策略 vs 上界 vs 基准 (strict 引擎)
================================================================================================================
策略                          总收益%         终值$     占上界%     vs等权     夏普     回撤%
----------------------------------------------------------------------------------------------------------------
经典12-1动量                    2913      90,397     0.00     1.59   1.07   -70.2
金叉+MA50距离                   3914     120,410     0.00     2.12   1.16   -53.0
MA200斜率                     4489     137,671     0.00     2.43   1.15   -66.7
Vortex                      2940      91,201     0.00     1.61   1.29   -34.6
TSI                         3483     107,500     0.00     1.90   1.27   -50.1
动量-1月反转(z)                 13233     399,992     0.00     7.06   1.44   -66.0
经典12-1动量+止损+200DMA           531      18,933     0.00     0.33   0.78   -72.9
金叉+MA50距离+止损+200DMA          728      24,837     0.00     0.44   0.87   -43.4
Vortex+止损+200DMA             638      22,130     0.00     0.39   0.97   -30.3
----------------------------------------------------------------------------------------------------------------
[上界] 完美预期Top2         37821323385835011,346,397,015,753,492   100.00200189365790.73
[基准] 等权月再平衡(0佣)             1789      56,678     0.00     1.00   1.28   -44.0
[基准] 等权买入持有                 1207      39,211     0.00     0.69   1.08   -49.4
[基准] VOO买入持有                 249      10,458     0.00     0.18

================================================================================================================
[5] 异常检测: 策略单月收益 >150% 的次数 (数据错误/复利BUG的信号)
================================================================================================================
   经典12-1动量               单月最大 +    42%  最小    -19%  |>+150%| 次数=0
   金叉+MA50距离              单月最大 +    55%  最小    -23%  |>+150%| 次数=0
   MA200斜率                单月最大 +    60%  最小    -25%  |>+150%| 次数=0
   Vortex                 单月最大 +    54%  最小    -21%  |>+150%| 次数=0
   TSI                    单月最大 +    52%  最小    -21%  |>+150%| 次数=0
   动量-1月反转(z)             单月最大 +   105%  最小    -19%  |>+150%| 次数=0

================================================================================================================
[6] 幸存者偏差量化: 宇宙 vs 大盘
================================================================================================================
   宇宙等权(37只, 事后按2026年市值选) : +1207%
   VOO(同期大盘)                      : +249%
   >> 选股池本身跑赢大盘 3.7 倍 = 纯幸存者偏差(用2026年的赢家名单回测2018年)
   >> 12只票上市晚于2018(TEM缺74%), 宇宙随时间扩大 -> 回填偏差

SAVED _verify_v12.json
