====================================================================================================================
SELF-TEST
====================================================================================================================
  [PASS] DST: 2026-07-01 为夏令时 
  [PASS] DST: 2026-12-01 非夏令时 
  [PASS] DST: 边界 3/8 起 
  [PASS] DST: 边界 11/1 结束 
  [PASS] 休市: 2026-09-07 劳动节非交易日 
  [PASS] 交易日: 2026-09-14 是交易日 
  [PASS] 周末非交易日 
  [PASS] next_trading_day(9/11) = 9/14 
  [PASS] 美东换算: 北京 9/12 03:00 -> 美东 9/11 15:00 
  [PASS] 盘中判定: 北京 9/12 03:00 拉 9/11 = 未完成 bar 
  [PASS] 盘中判定: 北京 9/12 11:00 拉 9/11 = 已完成 
  [PASS] 时段判定: 北京 9/12 03:00 = regular 
  [PASS] 时段判定: 北京 9/12 11:00 = closed 
  [PASS] 下次调仓推算: 9/11 + 21 交易日 = 2026-10-12 
  [PASS] 无重复日期 
  [PASS] 面板列数 = 标的数 (37)
  [PASS] 合格候选 >= 25 只 (37)
  [PASS] 最后一根全部有效 
  [PASS] Vortex 无未来函数(截断后前段不变) (maxdiff 0.00e+00)
  [PASS] 调仓序列不因追加数据而漂移 
  [PASS] 佣金: Top2 换仓 = $8 
  [PASS] OHLC 无 high<low 冲突 (0 处)

====================================================================================================================
  结果: ✅ 全部通过
